ARM GAS  /tmp/cchSt8Bb.s 			page 1


   1              		.cpu cortex-m4
   2              		.eabi_attribute 27, 1
   3              		.eabi_attribute 28, 1
   4              		.eabi_attribute 20, 1
   5              		.eabi_attribute 21, 1
   6              		.eabi_attribute 23, 3
   7              		.eabi_attribute 24, 1
   8              		.eabi_attribute 25, 1
   9              		.eabi_attribute 26, 1
  10              		.eabi_attribute 30, 1
  11              		.eabi_attribute 34, 1
  12              		.eabi_attribute 18, 4
  13              		.file	"can.c"
  14              		.text
  15              	.Ltext0:
  16              		.cfi_sections	.debug_frame
  17              		.section	.text.MX_CAN2_Init,"ax",%progbits
  18              		.align	1
  19              		.global	MX_CAN2_Init
  20              		.arch armv7e-m
  21              		.syntax unified
  22              		.thumb
  23              		.thumb_func
  24              		.fpu fpv4-sp-d16
  26              	MX_CAN2_Init:
  27              	.LFB134:
  28              		.file 1 "Core/Src/can.c"
   1:Core/Src/can.c **** /**
   2:Core/Src/can.c ****   ******************************************************************************
   3:Core/Src/can.c ****   * @file    can.c
   4:Core/Src/can.c ****   * @brief   This file provides code for the configuration
   5:Core/Src/can.c ****   *          of the CAN instances.
   6:Core/Src/can.c ****   ******************************************************************************
   7:Core/Src/can.c ****   * @attention
   8:Core/Src/can.c ****   *
   9:Core/Src/can.c ****   * <h2><center>&copy; Copyright (c) 2026 STMicroelectronics.
  10:Core/Src/can.c ****   * All rights reserved.</center></h2>
  11:Core/Src/can.c ****   *
  12:Core/Src/can.c ****   * This software component is licensed by ST under BSD 3-Clause license,
  13:Core/Src/can.c ****   * the "License"; You may not use this file except in compliance with the
  14:Core/Src/can.c ****   * License. You may obtain a copy of the License at:
  15:Core/Src/can.c ****   *                        opensource.org/licenses/BSD-3-Clause
  16:Core/Src/can.c ****   *
  17:Core/Src/can.c ****   ******************************************************************************
  18:Core/Src/can.c ****   */
  19:Core/Src/can.c **** 
  20:Core/Src/can.c **** /* Includes ------------------------------------------------------------------*/
  21:Core/Src/can.c **** #include "can.h"
  22:Core/Src/can.c **** 
  23:Core/Src/can.c **** /* USER CODE BEGIN 0 */
  24:Core/Src/can.c **** #include "structs.h"
  25:Core/Src/can.c **** #include "math_ops.h"
  26:Core/Src/can.c **** #include "hw_config.h"
  27:Core/Src/can.c **** #include "user_config.h"
  28:Core/Src/can.c **** 
  29:Core/Src/can.c **** /* USER CODE END 0 */
  30:Core/Src/can.c **** 
ARM GAS  /tmp/cchSt8Bb.s 			page 2


  31:Core/Src/can.c **** CAN_HandleTypeDef hcan2;
  32:Core/Src/can.c **** 
  33:Core/Src/can.c **** /* CAN1 init function */
  34:Core/Src/can.c **** void MX_CAN2_Init(void)
  35:Core/Src/can.c **** {
  29              		.loc 1 35 1 view -0
  30              		.cfi_startproc
  31              		@ args = 0, pretend = 0, frame = 0
  32              		@ frame_needed = 0, uses_anonymous_args = 0
  33 0000 08B5     		push	{r3, lr}
  34              	.LCFI0:
  35              		.cfi_def_cfa_offset 8
  36              		.cfi_offset 3, -8
  37              		.cfi_offset 14, -4
  36:Core/Src/can.c **** 
  37:Core/Src/can.c ****   /* USER CODE BEGIN CAN1_Init 0 */
  38:Core/Src/can.c **** 
  39:Core/Src/can.c ****   /* USER CODE END CAN1_Init 0 */
  40:Core/Src/can.c **** 
  41:Core/Src/can.c ****   /* USER CODE BEGIN CAN1_Init 1 */
  42:Core/Src/can.c **** 
  43:Core/Src/can.c ****   /* USER CODE END CAN1_Init 1 */
  44:Core/Src/can.c ****   hcan2.Instance = CAN_X;
  38              		.loc 1 44 3 view .LVU1
  39              		.loc 1 44 18 is_stmt 0 view .LVU2
  40 0002 0E48     		ldr	r0, .L5
  41 0004 0E4B     		ldr	r3, .L5+4
  42 0006 0360     		str	r3, [r0]
  45:Core/Src/can.c ****   hcan2.Init.Prescaler = 6;
  43              		.loc 1 45 3 is_stmt 1 view .LVU3
  44              		.loc 1 45 24 is_stmt 0 view .LVU4
  45 0008 0623     		movs	r3, #6
  46 000a 4360     		str	r3, [r0, #4]
  46:Core/Src/can.c ****   hcan2.Init.Mode = CAN_MODE_NORMAL;
  47              		.loc 1 46 3 is_stmt 1 view .LVU5
  48              		.loc 1 46 19 is_stmt 0 view .LVU6
  49 000c 0023     		movs	r3, #0
  50 000e 8360     		str	r3, [r0, #8]
  47:Core/Src/can.c ****   hcan2.Init.SyncJumpWidth = CAN_SJW_2TQ;
  51              		.loc 1 47 3 is_stmt 1 view .LVU7
  52              		.loc 1 47 28 is_stmt 0 view .LVU8
  53 0010 4FF08072 		mov	r2, #16777216
  54 0014 C260     		str	r2, [r0, #12]
  48:Core/Src/can.c ****   hcan2.Init.TimeSeg1 = CAN_BS1_4TQ;
  55              		.loc 1 48 3 is_stmt 1 view .LVU9
  56              		.loc 1 48 23 is_stmt 0 view .LVU10
  57 0016 4FF44032 		mov	r2, #196608
  58 001a 0261     		str	r2, [r0, #16]
  49:Core/Src/can.c ****   hcan2.Init.TimeSeg2 = CAN_BS2_2TQ;
  59              		.loc 1 49 3 is_stmt 1 view .LVU11
  60              		.loc 1 49 23 is_stmt 0 view .LVU12
  61 001c 4FF48012 		mov	r2, #1048576
  62 0020 4261     		str	r2, [r0, #20]
  50:Core/Src/can.c ****   hcan2.Init.TimeTriggeredMode = DISABLE;
  63              		.loc 1 50 3 is_stmt 1 view .LVU13
  64              		.loc 1 50 32 is_stmt 0 view .LVU14
  65 0022 0376     		strb	r3, [r0, #24]
ARM GAS  /tmp/cchSt8Bb.s 			page 3


  51:Core/Src/can.c ****   hcan2.Init.AutoBusOff = DISABLE;
  66              		.loc 1 51 3 is_stmt 1 view .LVU15
  67              		.loc 1 51 25 is_stmt 0 view .LVU16
  68 0024 4376     		strb	r3, [r0, #25]
  52:Core/Src/can.c ****   hcan2.Init.AutoWakeUp = DISABLE;
  69              		.loc 1 52 3 is_stmt 1 view .LVU17
  70              		.loc 1 52 25 is_stmt 0 view .LVU18
  71 0026 8376     		strb	r3, [r0, #26]
  53:Core/Src/can.c ****   hcan2.Init.AutoRetransmission = DISABLE;
  72              		.loc 1 53 3 is_stmt 1 view .LVU19
  73              		.loc 1 53 33 is_stmt 0 view .LVU20
  74 0028 C376     		strb	r3, [r0, #27]
  54:Core/Src/can.c ****   hcan2.Init.ReceiveFifoLocked = DISABLE;
  75              		.loc 1 54 3 is_stmt 1 view .LVU21
  76              		.loc 1 54 32 is_stmt 0 view .LVU22
  77 002a 0377     		strb	r3, [r0, #28]
  55:Core/Src/can.c ****   hcan2.Init.TransmitFifoPriority = DISABLE;
  78              		.loc 1 55 3 is_stmt 1 view .LVU23
  79              		.loc 1 55 35 is_stmt 0 view .LVU24
  80 002c 4377     		strb	r3, [r0, #29]
  56:Core/Src/can.c ****   if (HAL_CAN_Init(&hcan2) != HAL_OK)
  81              		.loc 1 56 3 is_stmt 1 view .LVU25
  82              		.loc 1 56 7 is_stmt 0 view .LVU26
  83 002e FFF7FEFF 		bl	HAL_CAN_Init
  84              	.LVL0:
  85              		.loc 1 56 6 view .LVU27
  86 0032 00B9     		cbnz	r0, .L4
  87              	.L1:
  57:Core/Src/can.c ****   {
  58:Core/Src/can.c ****     Error_Handler();
  59:Core/Src/can.c ****   }
  60:Core/Src/can.c ****   /* USER CODE BEGIN CAN1_Init 2 */
  61:Core/Src/can.c **** 
  62:Core/Src/can.c ****   /* USER CODE END CAN1_Init 2 */
  63:Core/Src/can.c **** 
  64:Core/Src/can.c **** }
  88              		.loc 1 64 1 view .LVU28
  89 0034 08BD     		pop	{r3, pc}
  90              	.L4:
  58:Core/Src/can.c ****   }
  91              		.loc 1 58 5 is_stmt 1 view .LVU29
  92 0036 FFF7FEFF 		bl	Error_Handler
  93              	.LVL1:
  94              		.loc 1 64 1 is_stmt 0 view .LVU30
  95 003a FBE7     		b	.L1
  96              	.L6:
  97              		.align	2
  98              	.L5:
  99 003c 00000000 		.word	.LANCHOR0
 100 0040 00680040 		.word	1073768448
 101              		.cfi_endproc
 102              	.LFE134:
 104              		.section	.text.HAL_CAN_MspInit,"ax",%progbits
 105              		.align	1
 106              		.global	HAL_CAN_MspInit
 107              		.syntax unified
 108              		.thumb
ARM GAS  /tmp/cchSt8Bb.s 			page 4


 109              		.thumb_func
 110              		.fpu fpv4-sp-d16
 112              	HAL_CAN_MspInit:
 113              	.LVL2:
 114              	.LFB135:
  65:Core/Src/can.c **** 
  66:Core/Src/can.c **** void HAL_CAN_MspInit(CAN_HandleTypeDef* canHandle)
  67:Core/Src/can.c **** {
 115              		.loc 1 67 1 is_stmt 1 view -0
 116              		.cfi_startproc
 117              		@ args = 0, pretend = 0, frame = 32
 118              		@ frame_needed = 0, uses_anonymous_args = 0
 119              		.loc 1 67 1 is_stmt 0 view .LVU32
 120 0000 70B5     		push	{r4, r5, r6, lr}
 121              	.LCFI1:
 122              		.cfi_def_cfa_offset 16
 123              		.cfi_offset 4, -16
 124              		.cfi_offset 5, -12
 125              		.cfi_offset 6, -8
 126              		.cfi_offset 14, -4
 127 0002 88B0     		sub	sp, sp, #32
 128              	.LCFI2:
 129              		.cfi_def_cfa_offset 48
  68:Core/Src/can.c **** 
  69:Core/Src/can.c ****   GPIO_InitTypeDef GPIO_InitStruct = {0};
 130              		.loc 1 69 3 is_stmt 1 view .LVU33
 131              		.loc 1 69 20 is_stmt 0 view .LVU34
 132 0004 0023     		movs	r3, #0
 133 0006 0393     		str	r3, [sp, #12]
 134 0008 0493     		str	r3, [sp, #16]
 135 000a 0593     		str	r3, [sp, #20]
 136 000c 0693     		str	r3, [sp, #24]
 137 000e 0793     		str	r3, [sp, #28]
  70:Core/Src/can.c ****   if(canHandle->Instance==CAN_X)
 138              		.loc 1 70 3 is_stmt 1 view .LVU35
 139              		.loc 1 70 15 is_stmt 0 view .LVU36
 140 0010 0268     		ldr	r2, [r0]
 141              		.loc 1 70 5 view .LVU37
 142 0012 224B     		ldr	r3, .L11
 143 0014 9A42     		cmp	r2, r3
 144 0016 01D0     		beq	.L10
 145              	.LVL3:
 146              	.L7:
  71:Core/Src/can.c ****   {
  72:Core/Src/can.c ****   /* USER CODE BEGIN CAN2_MspInit 0 */
  73:Core/Src/can.c **** 
  74:Core/Src/can.c **** 	/* USER CODE END CAN2_MspInit 0 */
  75:Core/Src/can.c **** 	/* CAN1 clock enable */
  76:Core/Src/can.c **** 	__HAL_RCC_CAN2_CLK_ENABLE();
  77:Core/Src/can.c ****   __HAL_RCC_CAN1_CLK_ENABLE();
  78:Core/Src/can.c **** 
  79:Core/Src/can.c **** 	__HAL_RCC_GPIOB_CLK_ENABLE();
  80:Core/Src/can.c **** 	/**CAN1 GPIO Configuration
  81:Core/Src/can.c **** 	CAN_RX_PIN     ------> CAN2_RX
  82:Core/Src/can.c **** 	CAN_TX_PIN     ------> CAN2_TX
  83:Core/Src/can.c **** 	*/
  84:Core/Src/can.c **** 	GPIO_InitStruct.Pin = CAN_RX_PIN;
ARM GAS  /tmp/cchSt8Bb.s 			page 5


  85:Core/Src/can.c **** 	GPIO_InitStruct.Mode = GPIO_MODE_AF_PP;
  86:Core/Src/can.c **** 	GPIO_InitStruct.Pull = GPIO_NOPULL;
  87:Core/Src/can.c **** 	GPIO_InitStruct.Speed = GPIO_SPEED_FREQ_VERY_HIGH;
  88:Core/Src/can.c **** 	GPIO_InitStruct.Alternate = GPIO_AF9_CAN2;
  89:Core/Src/can.c **** 	HAL_GPIO_Init(CAN_RX_PORT, &GPIO_InitStruct);
  90:Core/Src/can.c **** 	
  91:Core/Src/can.c **** 	GPIO_InitStruct.Pin = CAN_TX_PIN;
  92:Core/Src/can.c **** 	HAL_GPIO_Init(CAN_TX_PORT, &GPIO_InitStruct);
  93:Core/Src/can.c **** 
  94:Core/Src/can.c **** 	/* CAN1 interrupt Init */
  95:Core/Src/can.c **** 	HAL_NVIC_SetPriority(CAN2_RX0_IRQn, 2, 0);
  96:Core/Src/can.c **** 	HAL_NVIC_EnableIRQ(CAN2_RX0_IRQn);
  97:Core/Src/can.c **** /* USER CODE BEGIN CAN1_MspInit 1 */
  98:Core/Src/can.c **** 	
  99:Core/Src/can.c **** 
 100:Core/Src/can.c **** /* USER CODE END CAN1_MspInit 1 */
 101:Core/Src/can.c ****   }
 102:Core/Src/can.c **** }
 147              		.loc 1 102 1 view .LVU38
 148 0018 08B0     		add	sp, sp, #32
 149              	.LCFI3:
 150              		.cfi_remember_state
 151              		.cfi_def_cfa_offset 16
 152              		@ sp needed
 153 001a 70BD     		pop	{r4, r5, r6, pc}
 154              	.LVL4:
 155              	.L10:
 156              	.LCFI4:
 157              		.cfi_restore_state
  76:Core/Src/can.c ****   __HAL_RCC_CAN1_CLK_ENABLE();
 158              		.loc 1 76 2 is_stmt 1 view .LVU39
 159              	.LBB2:
  76:Core/Src/can.c ****   __HAL_RCC_CAN1_CLK_ENABLE();
 160              		.loc 1 76 2 view .LVU40
 161 001c 0024     		movs	r4, #0
 162 001e 0094     		str	r4, [sp]
  76:Core/Src/can.c ****   __HAL_RCC_CAN1_CLK_ENABLE();
 163              		.loc 1 76 2 view .LVU41
 164 0020 03F5E833 		add	r3, r3, #118784
 165 0024 1A6C     		ldr	r2, [r3, #64]
 166 0026 42F08062 		orr	r2, r2, #67108864
 167 002a 1A64     		str	r2, [r3, #64]
  76:Core/Src/can.c ****   __HAL_RCC_CAN1_CLK_ENABLE();
 168              		.loc 1 76 2 view .LVU42
 169 002c 1A6C     		ldr	r2, [r3, #64]
 170 002e 02F08062 		and	r2, r2, #67108864
 171 0032 0092     		str	r2, [sp]
  76:Core/Src/can.c ****   __HAL_RCC_CAN1_CLK_ENABLE();
 172              		.loc 1 76 2 view .LVU43
 173 0034 009A     		ldr	r2, [sp]
 174              	.LBE2:
  76:Core/Src/can.c ****   __HAL_RCC_CAN1_CLK_ENABLE();
 175              		.loc 1 76 2 view .LVU44
  77:Core/Src/can.c **** 
 176              		.loc 1 77 3 view .LVU45
 177              	.LBB3:
  77:Core/Src/can.c **** 
ARM GAS  /tmp/cchSt8Bb.s 			page 6


 178              		.loc 1 77 3 view .LVU46
 179 0036 0194     		str	r4, [sp, #4]
  77:Core/Src/can.c **** 
 180              		.loc 1 77 3 view .LVU47
 181 0038 1A6C     		ldr	r2, [r3, #64]
 182 003a 42F00072 		orr	r2, r2, #33554432
 183 003e 1A64     		str	r2, [r3, #64]
  77:Core/Src/can.c **** 
 184              		.loc 1 77 3 view .LVU48
 185 0040 1A6C     		ldr	r2, [r3, #64]
 186 0042 02F00072 		and	r2, r2, #33554432
 187 0046 0192     		str	r2, [sp, #4]
  77:Core/Src/can.c **** 
 188              		.loc 1 77 3 view .LVU49
 189 0048 019A     		ldr	r2, [sp, #4]
 190              	.LBE3:
  77:Core/Src/can.c **** 
 191              		.loc 1 77 3 view .LVU50
  79:Core/Src/can.c **** 	/**CAN1 GPIO Configuration
 192              		.loc 1 79 2 view .LVU51
 193              	.LBB4:
  79:Core/Src/can.c **** 	/**CAN1 GPIO Configuration
 194              		.loc 1 79 2 view .LVU52
 195 004a 0294     		str	r4, [sp, #8]
  79:Core/Src/can.c **** 	/**CAN1 GPIO Configuration
 196              		.loc 1 79 2 view .LVU53
 197 004c 1A6B     		ldr	r2, [r3, #48]
 198 004e 42F00202 		orr	r2, r2, #2
 199 0052 1A63     		str	r2, [r3, #48]
  79:Core/Src/can.c **** 	/**CAN1 GPIO Configuration
 200              		.loc 1 79 2 view .LVU54
 201 0054 1B6B     		ldr	r3, [r3, #48]
 202 0056 03F00203 		and	r3, r3, #2
 203 005a 0293     		str	r3, [sp, #8]
  79:Core/Src/can.c **** 	/**CAN1 GPIO Configuration
 204              		.loc 1 79 2 view .LVU55
 205 005c 029B     		ldr	r3, [sp, #8]
 206              	.LBE4:
  79:Core/Src/can.c **** 	/**CAN1 GPIO Configuration
 207              		.loc 1 79 2 view .LVU56
  84:Core/Src/can.c **** 	GPIO_InitStruct.Mode = GPIO_MODE_AF_PP;
 208              		.loc 1 84 2 view .LVU57
  84:Core/Src/can.c **** 	GPIO_InitStruct.Mode = GPIO_MODE_AF_PP;
 209              		.loc 1 84 22 is_stmt 0 view .LVU58
 210 005e 4FF48053 		mov	r3, #4096
 211 0062 0393     		str	r3, [sp, #12]
  85:Core/Src/can.c **** 	GPIO_InitStruct.Pull = GPIO_NOPULL;
 212              		.loc 1 85 2 is_stmt 1 view .LVU59
  85:Core/Src/can.c **** 	GPIO_InitStruct.Pull = GPIO_NOPULL;
 213              		.loc 1 85 23 is_stmt 0 view .LVU60
 214 0064 0225     		movs	r5, #2
 215 0066 0495     		str	r5, [sp, #16]
  86:Core/Src/can.c **** 	GPIO_InitStruct.Speed = GPIO_SPEED_FREQ_VERY_HIGH;
 216              		.loc 1 86 2 is_stmt 1 view .LVU61
  87:Core/Src/can.c **** 	GPIO_InitStruct.Alternate = GPIO_AF9_CAN2;
 217              		.loc 1 87 2 view .LVU62
  87:Core/Src/can.c **** 	GPIO_InitStruct.Alternate = GPIO_AF9_CAN2;
ARM GAS  /tmp/cchSt8Bb.s 			page 7


 218              		.loc 1 87 24 is_stmt 0 view .LVU63
 219 0068 0323     		movs	r3, #3
 220 006a 0693     		str	r3, [sp, #24]
  88:Core/Src/can.c **** 	HAL_GPIO_Init(CAN_RX_PORT, &GPIO_InitStruct);
 221              		.loc 1 88 2 is_stmt 1 view .LVU64
  88:Core/Src/can.c **** 	HAL_GPIO_Init(CAN_RX_PORT, &GPIO_InitStruct);
 222              		.loc 1 88 28 is_stmt 0 view .LVU65
 223 006c 0923     		movs	r3, #9
 224 006e 0793     		str	r3, [sp, #28]
  89:Core/Src/can.c **** 	
 225              		.loc 1 89 2 is_stmt 1 view .LVU66
 226 0070 0B4E     		ldr	r6, .L11+4
 227 0072 03A9     		add	r1, sp, #12
 228 0074 3046     		mov	r0, r6
 229              	.LVL5:
  89:Core/Src/can.c **** 	
 230              		.loc 1 89 2 is_stmt 0 view .LVU67
 231 0076 FFF7FEFF 		bl	HAL_GPIO_Init
 232              	.LVL6:
  91:Core/Src/can.c **** 	HAL_GPIO_Init(CAN_TX_PORT, &GPIO_InitStruct);
 233              		.loc 1 91 2 is_stmt 1 view .LVU68
  91:Core/Src/can.c **** 	HAL_GPIO_Init(CAN_TX_PORT, &GPIO_InitStruct);
 234              		.loc 1 91 22 is_stmt 0 view .LVU69
 235 007a 4FF40053 		mov	r3, #8192
 236 007e 0393     		str	r3, [sp, #12]
  92:Core/Src/can.c **** 
 237              		.loc 1 92 2 is_stmt 1 view .LVU70
 238 0080 03A9     		add	r1, sp, #12
 239 0082 3046     		mov	r0, r6
 240 0084 FFF7FEFF 		bl	HAL_GPIO_Init
 241              	.LVL7:
  95:Core/Src/can.c **** 	HAL_NVIC_EnableIRQ(CAN2_RX0_IRQn);
 242              		.loc 1 95 2 view .LVU71
 243 0088 2246     		mov	r2, r4
 244 008a 2946     		mov	r1, r5
 245 008c 4020     		movs	r0, #64
 246 008e FFF7FEFF 		bl	HAL_NVIC_SetPriority
 247              	.LVL8:
  96:Core/Src/can.c **** /* USER CODE BEGIN CAN1_MspInit 1 */
 248              		.loc 1 96 2 view .LVU72
 249 0092 4020     		movs	r0, #64
 250 0094 FFF7FEFF 		bl	HAL_NVIC_EnableIRQ
 251              	.LVL9:
 252              		.loc 1 102 1 is_stmt 0 view .LVU73
 253 0098 BEE7     		b	.L7
 254              	.L12:
 255 009a 00BF     		.align	2
 256              	.L11:
 257 009c 00680040 		.word	1073768448
 258 00a0 00040240 		.word	1073873920
 259              		.cfi_endproc
 260              	.LFE135:
 262              		.section	.text.HAL_CAN_MspDeInit,"ax",%progbits
 263              		.align	1
 264              		.global	HAL_CAN_MspDeInit
 265              		.syntax unified
 266              		.thumb
ARM GAS  /tmp/cchSt8Bb.s 			page 8


 267              		.thumb_func
 268              		.fpu fpv4-sp-d16
 270              	HAL_CAN_MspDeInit:
 271              	.LVL10:
 272              	.LFB136:
 103:Core/Src/can.c **** 
 104:Core/Src/can.c **** void HAL_CAN_MspDeInit(CAN_HandleTypeDef* canHandle)
 105:Core/Src/can.c **** {
 273              		.loc 1 105 1 is_stmt 1 view -0
 274              		.cfi_startproc
 275              		@ args = 0, pretend = 0, frame = 0
 276              		@ frame_needed = 0, uses_anonymous_args = 0
 106:Core/Src/can.c ****   if(canHandle->Instance==CAN_X)
 277              		.loc 1 106 3 view .LVU75
 278              		.loc 1 106 15 is_stmt 0 view .LVU76
 279 0000 0268     		ldr	r2, [r0]
 280              		.loc 1 106 5 view .LVU77
 281 0002 0F4B     		ldr	r3, .L20
 282 0004 9A42     		cmp	r2, r3
 283 0006 00D0     		beq	.L19
 284 0008 7047     		bx	lr
 285              	.L19:
 105:Core/Src/can.c ****   if(canHandle->Instance==CAN_X)
 286              		.loc 1 105 1 view .LVU78
 287 000a 10B5     		push	{r4, lr}
 288              	.LCFI5:
 289              		.cfi_def_cfa_offset 8
 290              		.cfi_offset 4, -8
 291              		.cfi_offset 14, -4
 107:Core/Src/can.c ****   {
 108:Core/Src/can.c ****   /* USER CODE BEGIN CAN1_MspDeInit 0 */
 109:Core/Src/can.c **** 
 110:Core/Src/can.c ****   /* USER CODE END CAN1_MspDeInit 0 */
 111:Core/Src/can.c ****     /* Peripheral clock disable */
 112:Core/Src/can.c ****     __HAL_RCC_CAN2_CLK_DISABLE();
 292              		.loc 1 112 5 is_stmt 1 view .LVU79
 293 000c 03F5E833 		add	r3, r3, #118784
 294 0010 1A6C     		ldr	r2, [r3, #64]
 295 0012 22F08062 		bic	r2, r2, #67108864
 296 0016 1A64     		str	r2, [r3, #64]
 113:Core/Src/can.c ****     __HAL_RCC_CAN1_CLK_DISABLE();
 297              		.loc 1 113 5 view .LVU80
 298 0018 1A6C     		ldr	r2, [r3, #64]
 299 001a 22F00072 		bic	r2, r2, #33554432
 300 001e 1A64     		str	r2, [r3, #64]
 114:Core/Src/can.c **** 
 115:Core/Src/can.c ****     /**CAN1 GPIO Configuration
 116:Core/Src/can.c ****     CAN_RX_PIN     ------> CAN1_RX
 117:Core/Src/can.c ****     CAN_TX_PIN     ------> CAN1_TX
 118:Core/Src/can.c ****     */
 119:Core/Src/can.c ****     HAL_GPIO_DeInit(CAN_RX_PORT, CAN_RX_PIN);
 301              		.loc 1 119 5 view .LVU81
 302 0020 084C     		ldr	r4, .L20+4
 303 0022 4FF48051 		mov	r1, #4096
 304 0026 2046     		mov	r0, r4
 305              	.LVL11:
 306              		.loc 1 119 5 is_stmt 0 view .LVU82
ARM GAS  /tmp/cchSt8Bb.s 			page 9


 307 0028 FFF7FEFF 		bl	HAL_GPIO_DeInit
 308              	.LVL12:
 120:Core/Src/can.c **** 		HAL_GPIO_DeInit(CAN_TX_PORT, CAN_TX_PIN);
 309              		.loc 1 120 3 is_stmt 1 view .LVU83
 310 002c 4FF40051 		mov	r1, #8192
 311 0030 2046     		mov	r0, r4
 312 0032 FFF7FEFF 		bl	HAL_GPIO_DeInit
 313              	.LVL13:
 121:Core/Src/can.c ****     /* CAN1 interrupt Deinit */
 122:Core/Src/can.c ****     HAL_NVIC_DisableIRQ(CAN2_RX0_IRQn);
 314              		.loc 1 122 5 view .LVU84
 315 0036 4020     		movs	r0, #64
 316 0038 FFF7FEFF 		bl	HAL_NVIC_DisableIRQ
 317              	.LVL14:
 123:Core/Src/can.c ****   /* USER CODE BEGIN CAN1_MspDeInit 1 */
 124:Core/Src/can.c **** 
 125:Core/Src/can.c ****   /* USER CODE END CAN1_MspDeInit 1 */
 126:Core/Src/can.c ****   }
 127:Core/Src/can.c **** }
 318              		.loc 1 127 1 is_stmt 0 view .LVU85
 319 003c 10BD     		pop	{r4, pc}
 320              	.L21:
 321 003e 00BF     		.align	2
 322              	.L20:
 323 0040 00680040 		.word	1073768448
 324 0044 00040240 		.word	1073873920
 325              		.cfi_endproc
 326              	.LFE136:
 328              		.section	.text.can_rx_init,"ax",%progbits
 329              		.align	1
 330              		.global	can_rx_init
 331              		.syntax unified
 332              		.thumb
 333              		.thumb_func
 334              		.fpu fpv4-sp-d16
 336              	can_rx_init:
 337              	.LVL15:
 338              	.LFB137:
 128:Core/Src/can.c **** 
 129:Core/Src/can.c **** /* USER CODE BEGIN 1 */
 130:Core/Src/can.c **** 
 131:Core/Src/can.c **** void can_rx_init(CANRxMessage *msg){
 339              		.loc 1 131 36 is_stmt 1 view -0
 340              		.cfi_startproc
 341              		@ args = 0, pretend = 0, frame = 0
 342              		@ frame_needed = 0, uses_anonymous_args = 0
 343              		.loc 1 131 36 is_stmt 0 view .LVU87
 344 0000 08B5     		push	{r3, lr}
 345              	.LCFI6:
 346              		.cfi_def_cfa_offset 8
 347              		.cfi_offset 3, -8
 348              		.cfi_offset 14, -4
 132:Core/Src/can.c **** 	msg->filter.FilterFIFOAssignment=CAN_FILTER_FIFO0; 
 349              		.loc 1 132 2 is_stmt 1 view .LVU88
 350              		.loc 1 132 34 is_stmt 0 view .LVU89
 351 0002 0023     		movs	r3, #0
 352 0004 4363     		str	r3, [r0, #52]
ARM GAS  /tmp/cchSt8Bb.s 			page 10


 133:Core/Src/can.c **** 	msg->filter.FilterBank = 14;               
 353              		.loc 1 133 2 is_stmt 1 view .LVU90
 354              		.loc 1 133 25 is_stmt 0 view .LVU91
 355 0006 0E22     		movs	r2, #14
 356 0008 8263     		str	r2, [r0, #56]
 134:Core/Src/can.c **** 	msg->filter.SlaveStartFilterBank = 14;
 357              		.loc 1 134 2 is_stmt 1 view .LVU92
 358              		.loc 1 134 35 is_stmt 0 view .LVU93
 359 000a 8264     		str	r2, [r0, #72]
 135:Core/Src/can.c **** 	msg->filter.FilterIdHigh=0x000<<5; 				// CAN ID
 360              		.loc 1 135 2 is_stmt 1 view .LVU94
 361              		.loc 1 135 26 is_stmt 0 view .LVU95
 362 000c 4362     		str	r3, [r0, #36]
 136:Core/Src/can.c **** 	msg->filter.FilterIdLow=0x000;
 363              		.loc 1 136 2 is_stmt 1 view .LVU96
 364              		.loc 1 136 25 is_stmt 0 view .LVU97
 365 000e 8362     		str	r3, [r0, #40]
 137:Core/Src/can.c **** 	msg->filter.FilterMaskIdHigh=0x000<<5;
 366              		.loc 1 137 2 is_stmt 1 view .LVU98
 367              		.loc 1 137 30 is_stmt 0 view .LVU99
 368 0010 C362     		str	r3, [r0, #44]
 138:Core/Src/can.c **** 	msg->filter.FilterMaskIdLow=0x000;
 369              		.loc 1 138 2 is_stmt 1 view .LVU100
 370              		.loc 1 138 29 is_stmt 0 view .LVU101
 371 0012 0363     		str	r3, [r0, #48]
 139:Core/Src/can.c **** 	msg->filter.FilterMode = CAN_FILTERMODE_IDMASK;
 372              		.loc 1 139 2 is_stmt 1 view .LVU102
 373              		.loc 1 139 25 is_stmt 0 view .LVU103
 374 0014 C363     		str	r3, [r0, #60]
 140:Core/Src/can.c **** 	msg->filter.FilterScale=CAN_FILTERSCALE_32BIT;
 375              		.loc 1 140 2 is_stmt 1 view .LVU104
 376              		.loc 1 140 25 is_stmt 0 view .LVU105
 377 0016 0123     		movs	r3, #1
 378 0018 0364     		str	r3, [r0, #64]
 141:Core/Src/can.c **** 	msg->filter.FilterActivation=ENABLE;
 379              		.loc 1 141 2 is_stmt 1 view .LVU106
 380              		.loc 1 141 30 is_stmt 0 view .LVU107
 381 001a 4364     		str	r3, [r0, #68]
 142:Core/Src/can.c **** 	HAL_CAN_ConfigFilter(&CAN_H, &msg->filter);
 382              		.loc 1 142 2 is_stmt 1 view .LVU108
 383 001c 00F12401 		add	r1, r0, #36
 384 0020 0148     		ldr	r0, .L24
 385              	.LVL16:
 386              		.loc 1 142 2 is_stmt 0 view .LVU109
 387 0022 FFF7FEFF 		bl	HAL_CAN_ConfigFilter
 388              	.LVL17:
 143:Core/Src/can.c **** }
 389              		.loc 1 143 1 view .LVU110
 390 0026 08BD     		pop	{r3, pc}
 391              	.L25:
 392              		.align	2
 393              	.L24:
 394 0028 00000000 		.word	.LANCHOR0
 395              		.cfi_endproc
 396              	.LFE137:
 398              		.section	.text.can_tx_init,"ax",%progbits
 399              		.align	1
ARM GAS  /tmp/cchSt8Bb.s 			page 11


 400              		.global	can_tx_init
 401              		.syntax unified
 402              		.thumb
 403              		.thumb_func
 404              		.fpu fpv4-sp-d16
 406              	can_tx_init:
 407              	.LVL18:
 408              	.LFB138:
 144:Core/Src/can.c **** //
 145:Core/Src/can.c **** 
 146:Core/Src/can.c **** void can_tx_init(CANTxMessage *msg){
 409              		.loc 1 146 36 is_stmt 1 view -0
 410              		.cfi_startproc
 411              		@ args = 0, pretend = 0, frame = 0
 412              		@ frame_needed = 0, uses_anonymous_args = 0
 413              		@ link register save eliminated.
 147:Core/Src/can.c **** 	msg->tx_header.DLC = 8; 			
 414              		.loc 1 147 2 view .LVU112
 415              		.loc 1 147 21 is_stmt 0 view .LVU113
 416 0000 0823     		movs	r3, #8
 417 0002 8361     		str	r3, [r0, #24]
 148:Core/Src/can.c **** 	msg->tx_header.IDE=CAN_ID_STD; 		
 418              		.loc 1 148 2 is_stmt 1 view .LVU114
 419              		.loc 1 148 20 is_stmt 0 view .LVU115
 420 0004 0023     		movs	r3, #0
 421 0006 0361     		str	r3, [r0, #16]
 149:Core/Src/can.c **** 	msg->tx_header.RTR=CAN_RTR_DATA; 
 422              		.loc 1 149 2 is_stmt 1 view .LVU116
 423              		.loc 1 149 20 is_stmt 0 view .LVU117
 424 0008 4361     		str	r3, [r0, #20]
 150:Core/Src/can.c **** }
 425              		.loc 1 150 1 view .LVU118
 426 000a 7047     		bx	lr
 427              		.cfi_endproc
 428              	.LFE138:
 430              		.section	.text.pack_cmd,"ax",%progbits
 431              		.align	1
 432              		.global	pack_cmd
 433              		.syntax unified
 434              		.thumb
 435              		.thumb_func
 436              		.fpu fpv4-sp-d16
 438              	pack_cmd:
 439              	.LVL19:
 440              	.LFB139:
 151:Core/Src/can.c **** //
 152:Core/Src/can.c **** 
 153:Core/Src/can.c **** 
 154:Core/Src/can.c **** /// CAN Command Packet Structure ///
 155:Core/Src/can.c **** /// 16 bit position command, between -4*pi and 4*pi
 156:Core/Src/can.c **** /// 12 bit velocity command, between -30 and + 30 rad/s
 157:Core/Src/can.c **** /// 12 bit kp, between 0 and 500 N-m/rad
 158:Core/Src/can.c **** /// 12 bit kd, between 0 and 100 N-m*s/rad
 159:Core/Src/can.c **** /// 12 bit feed forward torque, between -18 and 18 N-m
 160:Core/Src/can.c **** /// CAN Packet is 8 8-bit words
 161:Core/Src/can.c **** /// Formatted as follows.  For each quantity, bit 0 is LSB
 162:Core/Src/can.c **** /// 0: [position[15-8]]
ARM GAS  /tmp/cchSt8Bb.s 			page 12


 163:Core/Src/can.c **** /// 1: [position[7-0]]
 164:Core/Src/can.c **** /// 2: [velocity[11-4]]
 165:Core/Src/can.c **** /// 3: [velocity[3-0], kp[11-8]]
 166:Core/Src/can.c **** /// 4: [kp[7-0]]
 167:Core/Src/can.c **** /// 5: [kd[11-4]]
 168:Core/Src/can.c **** /// 6: [kd[3-0], torque[11-8]]
 169:Core/Src/can.c **** /// 7: [torque[7-0]]
 170:Core/Src/can.c **** void pack_cmd(CANTxMessage *msg, JointCommand_t *cmd){
 441              		.loc 1 170 54 is_stmt 1 view -0
 442              		.cfi_startproc
 443              		@ args = 0, pretend = 0, frame = 0
 444              		@ frame_needed = 0, uses_anonymous_args = 0
 445              		.loc 1 170 54 is_stmt 0 view .LVU120
 446 0000 2DE9F843 		push	{r3, r4, r5, r6, r7, r8, r9, lr}
 447              	.LCFI7:
 448              		.cfi_def_cfa_offset 32
 449              		.cfi_offset 3, -32
 450              		.cfi_offset 4, -28
 451              		.cfi_offset 5, -24
 452              		.cfi_offset 6, -20
 453              		.cfi_offset 7, -16
 454              		.cfi_offset 8, -12
 455              		.cfi_offset 9, -8
 456              		.cfi_offset 14, -4
 457 0004 2DED028B 		vpush.64	{d8}
 458              	.LCFI8:
 459              		.cfi_def_cfa_offset 40
 460              		.cfi_offset 80, -40
 461              		.cfi_offset 81, -36
 462 0008 0446     		mov	r4, r0
 463 000a 0D46     		mov	r5, r1
 171:Core/Src/can.c **** 	int p_int  = float_to_uint(cmd->p_des, P_MIN, P_MAX, 16);
 464              		.loc 1 171 2 is_stmt 1 view .LVU121
 465              		.loc 1 171 15 is_stmt 0 view .LVU122
 466 000c 1020     		movs	r0, #16
 467              	.LVL20:
 468              		.loc 1 171 15 view .LVU123
 469 000e B2EE091A 		vmov.f32	s2, #1.25e+1
 470 0012 FAEE090A 		vmov.f32	s1, #-1.25e+1
 471 0016 91ED000A 		vldr.32	s0, [r1]
 472 001a FFF7FEFF 		bl	float_to_uint
 473              	.LVL21:
 474              		.loc 1 171 15 view .LVU124
 475 001e 8146     		mov	r9, r0
 476              	.LVL22:
 172:Core/Src/can.c ****   int v_int  = float_to_uint(cmd->v_des, V_MIN, V_MAX, 12);
 477              		.loc 1 172 3 is_stmt 1 view .LVU125
 478              		.loc 1 172 16 is_stmt 0 view .LVU126
 479 0020 0C20     		movs	r0, #12
 480              	.LVL23:
 481              		.loc 1 172 16 view .LVU127
 482 0022 9FED221A 		vldr.32	s2, .L29
 483 0026 DFED220A 		vldr.32	s1, .L29+4
 484 002a 95ED010A 		vldr.32	s0, [r5, #4]
 485 002e FFF7FEFF 		bl	float_to_uint
 486              	.LVL24:
 487 0032 8046     		mov	r8, r0
ARM GAS  /tmp/cchSt8Bb.s 			page 13


 488              	.LVL25:
 173:Core/Src/can.c **** 	int kp_int = float_to_uint(cmd->kp, KP_MIN, KP_MAX, 12);
 489              		.loc 1 173 2 is_stmt 1 view .LVU128
 490              		.loc 1 173 15 is_stmt 0 view .LVU129
 491 0034 9FED1F8A 		vldr.32	s16, .L29+8
 492 0038 0C20     		movs	r0, #12
 493              	.LVL26:
 494              		.loc 1 173 15 view .LVU130
 495 003a 9FED1F1A 		vldr.32	s2, .L29+12
 496 003e F0EE480A 		vmov.f32	s1, s16
 497 0042 95ED020A 		vldr.32	s0, [r5, #8]
 498 0046 FFF7FEFF 		bl	float_to_uint
 499              	.LVL27:
 500 004a 0746     		mov	r7, r0
 501              	.LVL28:
 174:Core/Src/can.c **** 	int kd_int = float_to_uint(cmd->kd, KD_MIN, KD_MAX, 12);
 502              		.loc 1 174 2 is_stmt 1 view .LVU131
 503              		.loc 1 174 15 is_stmt 0 view .LVU132
 504 004c 0C20     		movs	r0, #12
 505              	.LVL29:
 506              		.loc 1 174 15 view .LVU133
 507 004e B1EE041A 		vmov.f32	s2, #5.0e+0
 508 0052 F0EE480A 		vmov.f32	s1, s16
 509 0056 95ED030A 		vldr.32	s0, [r5, #12]
 510 005a FFF7FEFF 		bl	float_to_uint
 511              	.LVL30:
 512 005e 0646     		mov	r6, r0
 513              	.LVL31:
 175:Core/Src/can.c **** 	int t_int  = float_to_uint(cmd->t_ff, T_MIN, T_MAX, 12);
 514              		.loc 1 175 2 is_stmt 1 view .LVU134
 515              		.loc 1 175 15 is_stmt 0 view .LVU135
 516 0060 0C20     		movs	r0, #12
 517              	.LVL32:
 518              		.loc 1 175 15 view .LVU136
 519 0062 B3EE021A 		vmov.f32	s2, #1.8e+1
 520 0066 FBEE020A 		vmov.f32	s1, #-1.8e+1
 521 006a 95ED040A 		vldr.32	s0, [r5, #16]
 522 006e FFF7FEFF 		bl	float_to_uint
 523              	.LVL33:
 524 0072 0346     		mov	r3, r0
 525              	.LVL34:
 176:Core/Src/can.c **** 	
 177:Core/Src/can.c **** 	msg->tx_header.StdId = cmd->can_id;
 526              		.loc 1 177 2 is_stmt 1 view .LVU137
 527              		.loc 1 177 28 is_stmt 0 view .LVU138
 528 0074 6A69     		ldr	r2, [r5, #20]
 529              		.loc 1 177 23 view .LVU139
 530 0076 A260     		str	r2, [r4, #8]
 178:Core/Src/can.c **** 	
 179:Core/Src/can.c **** 	msg->data[0] = p_int >> 8;
 531              		.loc 1 179 2 is_stmt 1 view .LVU140
 532              		.loc 1 179 23 is_stmt 0 view .LVU141
 533 0078 4FEA2922 		asr	r2, r9, #8
 534              		.loc 1 179 15 view .LVU142
 535 007c 2270     		strb	r2, [r4]
 180:Core/Src/can.c **** 	msg->data[1] = p_int & 0xFF;
 536              		.loc 1 180 2 is_stmt 1 view .LVU143
ARM GAS  /tmp/cchSt8Bb.s 			page 14


 537              		.loc 1 180 15 is_stmt 0 view .LVU144
 538 007e 84F80190 		strb	r9, [r4, #1]
 181:Core/Src/can.c **** 	msg->data[2] = v_int >> 4;
 539              		.loc 1 181 2 is_stmt 1 view .LVU145
 540              		.loc 1 181 23 is_stmt 0 view .LVU146
 541 0082 4FEA2812 		asr	r2, r8, #4
 542              		.loc 1 181 15 view .LVU147
 543 0086 A270     		strb	r2, [r4, #2]
 182:Core/Src/can.c **** 	msg->data[3] = ((v_int & 0xF) << 4) | (kp_int >> 8);
 544              		.loc 1 182 2 is_stmt 1 view .LVU148
 545              		.loc 1 182 48 is_stmt 0 view .LVU149
 546 0088 3812     		asrs	r0, r7, #8
 547              	.LVL35:
 548              		.loc 1 182 38 view .LVU150
 549 008a 40EA0818 		orr	r8, r0, r8, lsl #4
 550              	.LVL36:
 551              		.loc 1 182 15 view .LVU151
 552 008e 84F80380 		strb	r8, [r4, #3]
 183:Core/Src/can.c **** 	msg->data[4] = kp_int & 0xFF;
 553              		.loc 1 183 2 is_stmt 1 view .LVU152
 554              		.loc 1 183 15 is_stmt 0 view .LVU153
 555 0092 2771     		strb	r7, [r4, #4]
 184:Core/Src/can.c **** 	msg->data[5] = kd_int >> 4;
 556              		.loc 1 184 2 is_stmt 1 view .LVU154
 557              		.loc 1 184 24 is_stmt 0 view .LVU155
 558 0094 3211     		asrs	r2, r6, #4
 559              		.loc 1 184 15 view .LVU156
 560 0096 6271     		strb	r2, [r4, #5]
 185:Core/Src/can.c **** 	msg->data[6] = ((kd_int & 0xF) << 4) | (t_int >> 8);
 561              		.loc 1 185 2 is_stmt 1 view .LVU157
 562              		.loc 1 185 48 is_stmt 0 view .LVU158
 563 0098 1812     		asrs	r0, r3, #8
 564              		.loc 1 185 39 view .LVU159
 565 009a 40EA0616 		orr	r6, r0, r6, lsl #4
 566              	.LVL37:
 567              		.loc 1 185 15 view .LVU160
 568 009e A671     		strb	r6, [r4, #6]
 186:Core/Src/can.c **** 	msg->data[7] = t_int & 0xFF;
 569              		.loc 1 186 2 is_stmt 1 view .LVU161
 570              		.loc 1 186 15 is_stmt 0 view .LVU162
 571 00a0 E371     		strb	r3, [r4, #7]
 187:Core/Src/can.c **** }
 572              		.loc 1 187 1 view .LVU163
 573 00a2 BDEC028B 		vldm	sp!, {d8}
 574              	.LCFI9:
 575              		.cfi_restore 80
 576              		.cfi_restore 81
 577              		.cfi_def_cfa_offset 32
 578 00a6 BDE8F883 		pop	{r3, r4, r5, r6, r7, r8, r9, pc}
 579              	.LVL38:
 580              	.L30:
 581              		.loc 1 187 1 view .LVU164
 582 00aa 00BF     		.align	2
 583              	.L29:
 584 00ac 00008242 		.word	1115815936
 585 00b0 000082C2 		.word	-1031667712
 586 00b4 00000000 		.word	0
ARM GAS  /tmp/cchSt8Bb.s 			page 15


 587 00b8 0000FA43 		.word	1140457472
 588              		.cfi_endproc
 589              	.LFE139:
 591              		.section	.text.unpack_state,"ax",%progbits
 592              		.align	1
 593              		.global	unpack_state
 594              		.syntax unified
 595              		.thumb
 596              		.thumb_func
 597              		.fpu fpv4-sp-d16
 599              	unpack_state:
 600              	.LVL39:
 601              	.LFB140:
 188:Core/Src/can.c **** /// unpack_cmd Reply Packet Structure ///
 189:Core/Src/can.c **** /// 16 bit position, between -4*pi and 4*pi
 190:Core/Src/can.c **** /// 12 bit velocity, between -30 and + 30 rad/s
 191:Core/Src/can.c **** /// 12 bit current, between -40 and 40;
 192:Core/Src/can.c **** /// CAN Packet is 5 8-bit words
 193:Core/Src/can.c **** /// Formatted as follows.  For each quantity, bit 0 is LSB
 194:Core/Src/can.c **** /// 0: [position[15-8]]
 195:Core/Src/can.c **** /// 1: [position[7-0]]
 196:Core/Src/can.c **** /// 2: [velocity[11-4]]
 197:Core/Src/can.c **** /// 3: [velocity[3-0], current[11-8]]
 198:Core/Src/can.c **** /// 4: [current[7-0]]
 199:Core/Src/can.c **** void unpack_state(CANRxMessage *msg, JointState_t *state){// ControllerStruct * controller){
 602              		.loc 1 199 58 is_stmt 1 view -0
 603              		.cfi_startproc
 604              		@ args = 0, pretend = 0, frame = 0
 605              		@ frame_needed = 0, uses_anonymous_args = 0
 606              		.loc 1 199 58 is_stmt 0 view .LVU166
 607 0000 F8B5     		push	{r3, r4, r5, r6, r7, lr}
 608              	.LCFI10:
 609              		.cfi_def_cfa_offset 24
 610              		.cfi_offset 3, -24
 611              		.cfi_offset 4, -20
 612              		.cfi_offset 5, -16
 613              		.cfi_offset 6, -12
 614              		.cfi_offset 7, -8
 615              		.cfi_offset 14, -4
 616 0002 0D46     		mov	r5, r1
 200:Core/Src/can.c **** 	int p_int = (msg->data[1] << 8) | msg->data[2];	
 617              		.loc 1 200 2 is_stmt 1 view .LVU167
 618              		.loc 1 200 24 is_stmt 0 view .LVU168
 619 0004 90F801C0 		ldrb	ip, [r0, #1]	@ zero_extendqisi2
 620              		.loc 1 200 45 view .LVU169
 621 0008 8278     		ldrb	r2, [r0, #2]	@ zero_extendqisi2
 622              	.LVL40:
 201:Core/Src/can.c **** 	int v_int = (msg->data[3] << 4) | (msg->data[4] >> 4);
 623              		.loc 1 201 2 is_stmt 1 view .LVU170
 624              		.loc 1 201 24 is_stmt 0 view .LVU171
 625 000a C178     		ldrb	r1, [r0, #3]	@ zero_extendqisi2
 626              	.LVL41:
 627              		.loc 1 201 46 view .LVU172
 628 000c 0379     		ldrb	r3, [r0, #4]	@ zero_extendqisi2
 629              		.loc 1 201 50 view .LVU173
 630 000e 1E09     		lsrs	r6, r3, #4
 631              		.loc 1 201 6 view .LVU174
ARM GAS  /tmp/cchSt8Bb.s 			page 16


 632 0010 46EA0116 		orr	r6, r6, r1, lsl #4
 633              	.LVL42:
 202:Core/Src/can.c **** 	int t_int = ((msg->data[4] & 0xF) << 8) | msg->data[5];
 634              		.loc 1 202 2 is_stmt 1 view .LVU175
 635              		.loc 1 202 36 is_stmt 0 view .LVU176
 636 0014 1C02     		lsls	r4, r3, #8
 637 0016 04F47064 		and	r4, r4, #3840
 638              		.loc 1 202 53 view .LVU177
 639 001a 4379     		ldrb	r3, [r0, #5]	@ zero_extendqisi2
 640              		.loc 1 202 6 view .LVU178
 641 001c 1C43     		orrs	r4, r4, r3
 642              	.LVL43:
 203:Core/Src/can.c **** 	int vb_int = msg->data[6];
 643              		.loc 1 203 2 is_stmt 1 view .LVU179
 644              		.loc 1 203 24 is_stmt 0 view .LVU180
 645 001e 8779     		ldrb	r7, [r0, #6]	@ zero_extendqisi2
 646              	.LVL44:
 204:Core/Src/can.c **** 
 205:Core/Src/can.c **** 	state->p_act  = uint_to_float(p_int, P_MIN, P_MAX, 16);
 647              		.loc 1 205 2 is_stmt 1 view .LVU181
 648              		.loc 1 205 18 is_stmt 0 view .LVU182
 649 0020 1021     		movs	r1, #16
 650 0022 F2EE090A 		vmov.f32	s1, #1.25e+1
 651 0026 BAEE090A 		vmov.f32	s0, #-1.25e+1
 652 002a 42EA0C20 		orr	r0, r2, ip, lsl #8
 653              	.LVL45:
 654              		.loc 1 205 18 view .LVU183
 655 002e FFF7FEFF 		bl	uint_to_float
 656              	.LVL46:
 657              		.loc 1 205 16 view .LVU184
 658 0032 85ED000A 		vstr.32	s0, [r5]
 206:Core/Src/can.c **** 	state->v_act  = uint_to_float(v_int, V_MIN, V_MAX, 12);
 659              		.loc 1 206 2 is_stmt 1 view .LVU185
 660              		.loc 1 206 18 is_stmt 0 view .LVU186
 661 0036 0C21     		movs	r1, #12
 662 0038 DFED0E0A 		vldr.32	s1, .L33
 663 003c 9FED0E0A 		vldr.32	s0, .L33+4
 664 0040 3046     		mov	r0, r6
 665 0042 FFF7FEFF 		bl	uint_to_float
 666              	.LVL47:
 667              		.loc 1 206 16 view .LVU187
 668 0046 85ED010A 		vstr.32	s0, [r5, #4]
 207:Core/Src/can.c **** 	state->t_act  = uint_to_float(t_int, T_MIN, T_MAX, 12);
 669              		.loc 1 207 2 is_stmt 1 view .LVU188
 670              		.loc 1 207 18 is_stmt 0 view .LVU189
 671 004a 0C21     		movs	r1, #12
 672 004c F3EE020A 		vmov.f32	s1, #1.8e+1
 673 0050 BBEE020A 		vmov.f32	s0, #-1.8e+1
 674 0054 2046     		mov	r0, r4
 675 0056 FFF7FEFF 		bl	uint_to_float
 676              	.LVL48:
 677              		.loc 1 207 16 view .LVU190
 678 005a 85ED020A 		vstr.32	s0, [r5, #8]
 208:Core/Src/can.c **** 	state->v_batt = uint_to_float(vb_int, VB_MIN, VB_MAX, 8);
 679              		.loc 1 208 2 is_stmt 1 view .LVU191
 680              		.loc 1 208 18 is_stmt 0 view .LVU192
 681 005e 0821     		movs	r1, #8
ARM GAS  /tmp/cchSt8Bb.s 			page 17


 682 0060 DFED060A 		vldr.32	s1, .L33+8
 683 0064 9FED060A 		vldr.32	s0, .L33+12
 684 0068 3846     		mov	r0, r7
 685 006a FFF7FEFF 		bl	uint_to_float
 686              	.LVL49:
 687              		.loc 1 208 16 view .LVU193
 688 006e 85ED030A 		vstr.32	s0, [r5, #12]
 209:Core/Src/can.c **** 
 210:Core/Src/can.c **** }
 689              		.loc 1 210 1 view .LVU194
 690 0072 F8BD     		pop	{r3, r4, r5, r6, r7, pc}
 691              	.LVL50:
 692              	.L34:
 693              		.loc 1 210 1 view .LVU195
 694              		.align	2
 695              	.L33:
 696 0074 00008242 		.word	1115815936
 697 0078 000082C2 		.word	-1031667712
 698 007c 00002042 		.word	1109393408
 699 0080 00000000 		.word	0
 700              		.cfi_endproc
 701              	.LFE140:
 703              		.global	hcan2
 704              		.section	.bss.hcan2,"aw",%nobits
 705              		.align	2
 706              		.set	.LANCHOR0,. + 0
 709              	hcan2:
 710 0000 00000000 		.space	40
 710      00000000 
 710      00000000 
 710      00000000 
 710      00000000 
 711              		.text
 712              	.Letext0:
 713              		.file 2 "/usr/lib/gcc/arm-none-eabi/10.3.1/include/stdint.h"
 714              		.file 3 "Drivers/CMSIS/Device/ST/STM32F4xx/Include/stm32f405xx.h"
 715              		.file 4 "Drivers/CMSIS/Device/ST/STM32F4xx/Include/stm32f4xx.h"
 716              		.file 5 "Drivers/STM32F4xx_HAL_Driver/Inc/stm32f4xx_hal_def.h"
 717              		.file 6 "Drivers/STM32F4xx_HAL_Driver/Inc/stm32f4xx_hal_gpio.h"
 718              		.file 7 "Drivers/STM32F4xx_HAL_Driver/Inc/stm32f4xx_hal_can.h"
 719              		.file 8 "Core/Inc/joint_acc.h"
 720              		.file 9 "Core/Inc/can.h"
 721              		.file 10 "Core/Inc/math_ops.h"
 722              		.file 11 "Drivers/STM32F4xx_HAL_Driver/Inc/stm32f4xx_hal_cortex.h"
 723              		.file 12 "Core/Inc/main.h"
ARM GAS  /tmp/cchSt8Bb.s 			page 18


DEFINED SYMBOLS
                            *ABS*:0000000000000000 can.c
     /tmp/cchSt8Bb.s:18     .text.MX_CAN2_Init:0000000000000000 $t
     /tmp/cchSt8Bb.s:26     .text.MX_CAN2_Init:0000000000000000 MX_CAN2_Init
     /tmp/cchSt8Bb.s:99     .text.MX_CAN2_Init:000000000000003c $d
     /tmp/cchSt8Bb.s:105    .text.HAL_CAN_MspInit:0000000000000000 $t
     /tmp/cchSt8Bb.s:112    .text.HAL_CAN_MspInit:0000000000000000 HAL_CAN_MspInit
     /tmp/cchSt8Bb.s:257    .text.HAL_CAN_MspInit:000000000000009c $d
     /tmp/cchSt8Bb.s:263    .text.HAL_CAN_MspDeInit:0000000000000000 $t
     /tmp/cchSt8Bb.s:270    .text.HAL_CAN_MspDeInit:0000000000000000 HAL_CAN_MspDeInit
     /tmp/cchSt8Bb.s:323    .text.HAL_CAN_MspDeInit:0000000000000040 $d
     /tmp/cchSt8Bb.s:329    .text.can_rx_init:0000000000000000 $t
     /tmp/cchSt8Bb.s:336    .text.can_rx_init:0000000000000000 can_rx_init
     /tmp/cchSt8Bb.s:394    .text.can_rx_init:0000000000000028 $d
     /tmp/cchSt8Bb.s:399    .text.can_tx_init:0000000000000000 $t
     /tmp/cchSt8Bb.s:406    .text.can_tx_init:0000000000000000 can_tx_init
     /tmp/cchSt8Bb.s:431    .text.pack_cmd:0000000000000000 $t
     /tmp/cchSt8Bb.s:438    .text.pack_cmd:0000000000000000 pack_cmd
     /tmp/cchSt8Bb.s:584    .text.pack_cmd:00000000000000ac $d
     /tmp/cchSt8Bb.s:592    .text.unpack_state:0000000000000000 $t
     /tmp/cchSt8Bb.s:599    .text.unpack_state:0000000000000000 unpack_state
     /tmp/cchSt8Bb.s:696    .text.unpack_state:0000000000000074 $d
     /tmp/cchSt8Bb.s:709    .bss.hcan2:0000000000000000 hcan2
     /tmp/cchSt8Bb.s:705    .bss.hcan2:0000000000000000 $d

UNDEFINED SYMBOLS
HAL_CAN_Init
Error_Handler
HAL_GPIO_Init
HAL_NVIC_SetPriority
HAL_NVIC_EnableIRQ
HAL_GPIO_DeInit
HAL_NVIC_DisableIRQ
HAL_CAN_ConfigFilter
float_to_uint
uint_to_float
