ARM GAS  /tmp/ccAlRPbl.s 			page 1


   1              		.cpu cortex-m4
   2              		.eabi_attribute 27, 1
   3              		.eabi_attribute 28, 1
   4              		.eabi_attribute 20, 1
   5              		.eabi_attribute 21, 1
   6              		.eabi_attribute 23, 3
   7              		.eabi_attribute 24, 1
   8              		.eabi_attribute 25, 1
   9              		.eabi_attribute 26, 1
  10              		.eabi_attribute 30, 1
  11              		.eabi_attribute 34, 1
  12              		.eabi_attribute 18, 4
  13              		.file	"stm32f4xx_it.c"
  14              		.text
  15              	.Ltext0:
  16              		.cfi_sections	.debug_frame
  17              		.section	.text.NMI_Handler,"ax",%progbits
  18              		.align	1
  19              		.global	NMI_Handler
  20              		.arch armv7e-m
  21              		.syntax unified
  22              		.thumb
  23              		.thumb_func
  24              		.fpu fpv4-sp-d16
  26              	NMI_Handler:
  27              	.LFB134:
  28              		.file 1 "Core/Src/stm32f4xx_it.c"
   1:Core/Src/stm32f4xx_it.c **** /* USER CODE BEGIN Header */
   2:Core/Src/stm32f4xx_it.c **** /**
   3:Core/Src/stm32f4xx_it.c ****   ******************************************************************************
   4:Core/Src/stm32f4xx_it.c ****   * @file    stm32f4xx_it.c
   5:Core/Src/stm32f4xx_it.c ****   * @brief   Interrupt Service Routines.
   6:Core/Src/stm32f4xx_it.c ****   ******************************************************************************
   7:Core/Src/stm32f4xx_it.c ****   * @attention
   8:Core/Src/stm32f4xx_it.c ****   *
   9:Core/Src/stm32f4xx_it.c ****   * Copyright (c) 2026 STMicroelectronics.
  10:Core/Src/stm32f4xx_it.c ****   * All rights reserved.
  11:Core/Src/stm32f4xx_it.c ****   *
  12:Core/Src/stm32f4xx_it.c ****   * This software is licensed under terms that can be found in the LICENSE file
  13:Core/Src/stm32f4xx_it.c ****   * in the root directory of this software component.
  14:Core/Src/stm32f4xx_it.c ****   * If no LICENSE file comes with this software, it is provided AS-IS.
  15:Core/Src/stm32f4xx_it.c ****   *
  16:Core/Src/stm32f4xx_it.c ****   ******************************************************************************
  17:Core/Src/stm32f4xx_it.c ****   */
  18:Core/Src/stm32f4xx_it.c **** /* USER CODE END Header */
  19:Core/Src/stm32f4xx_it.c **** 
  20:Core/Src/stm32f4xx_it.c **** /* Includes ------------------------------------------------------------------*/
  21:Core/Src/stm32f4xx_it.c **** #include "main.h"
  22:Core/Src/stm32f4xx_it.c **** #include "stm32f4xx_it.h"
  23:Core/Src/stm32f4xx_it.c **** /* Private includes ----------------------------------------------------------*/
  24:Core/Src/stm32f4xx_it.c **** /* USER CODE BEGIN Includes */
  25:Core/Src/stm32f4xx_it.c **** /* USER CODE END Includes */
  26:Core/Src/stm32f4xx_it.c **** #include "structs.h"
  27:Core/Src/stm32f4xx_it.c **** #include "can.h"
  28:Core/Src/stm32f4xx_it.c **** #include "hw_config.h"
  29:Core/Src/stm32f4xx_it.c **** #include "user_config.h"
  30:Core/Src/stm32f4xx_it.c **** /* Private typedef -----------------------------------------------------------*/
ARM GAS  /tmp/ccAlRPbl.s 			page 2


  31:Core/Src/stm32f4xx_it.c **** /* USER CODE BEGIN TD */
  32:Core/Src/stm32f4xx_it.c **** 
  33:Core/Src/stm32f4xx_it.c **** /* USER CODE END TD */
  34:Core/Src/stm32f4xx_it.c **** 
  35:Core/Src/stm32f4xx_it.c **** /* Private define ------------------------------------------------------------*/
  36:Core/Src/stm32f4xx_it.c **** /* USER CODE BEGIN PD */
  37:Core/Src/stm32f4xx_it.c **** 
  38:Core/Src/stm32f4xx_it.c **** /* USER CODE END PD */
  39:Core/Src/stm32f4xx_it.c **** 
  40:Core/Src/stm32f4xx_it.c **** /* Private macro -------------------------------------------------------------*/
  41:Core/Src/stm32f4xx_it.c **** /* USER CODE BEGIN PM */
  42:Core/Src/stm32f4xx_it.c **** 
  43:Core/Src/stm32f4xx_it.c **** /* USER CODE END PM */
  44:Core/Src/stm32f4xx_it.c **** 
  45:Core/Src/stm32f4xx_it.c **** /* Private variables ---------------------------------------------------------*/
  46:Core/Src/stm32f4xx_it.c **** /* USER CODE BEGIN PV */
  47:Core/Src/stm32f4xx_it.c **** 
  48:Core/Src/stm32f4xx_it.c **** /* USER CODE END PV */
  49:Core/Src/stm32f4xx_it.c **** 
  50:Core/Src/stm32f4xx_it.c **** /* Private function prototypes -----------------------------------------------*/
  51:Core/Src/stm32f4xx_it.c **** /* USER CODE BEGIN PFP */
  52:Core/Src/stm32f4xx_it.c **** 
  53:Core/Src/stm32f4xx_it.c **** /* USER CODE END PFP */
  54:Core/Src/stm32f4xx_it.c **** 
  55:Core/Src/stm32f4xx_it.c **** /* Private user code ---------------------------------------------------------*/
  56:Core/Src/stm32f4xx_it.c **** /* USER CODE BEGIN 0 */
  57:Core/Src/stm32f4xx_it.c **** 
  58:Core/Src/stm32f4xx_it.c **** /* USER CODE END 0 */
  59:Core/Src/stm32f4xx_it.c **** 
  60:Core/Src/stm32f4xx_it.c **** /* External variables --------------------------------------------------------*/
  61:Core/Src/stm32f4xx_it.c **** extern PCD_HandleTypeDef hpcd_USB_OTG_FS;
  62:Core/Src/stm32f4xx_it.c **** extern CAN_HandleTypeDef hcan2;
  63:Core/Src/stm32f4xx_it.c **** extern TIM_HandleTypeDef htim8;
  64:Core/Src/stm32f4xx_it.c **** 
  65:Core/Src/stm32f4xx_it.c **** /* USER CODE BEGIN EV */
  66:Core/Src/stm32f4xx_it.c **** 
  67:Core/Src/stm32f4xx_it.c **** /* USER CODE END EV */
  68:Core/Src/stm32f4xx_it.c **** 
  69:Core/Src/stm32f4xx_it.c **** /******************************************************************************/
  70:Core/Src/stm32f4xx_it.c **** /*           Cortex-M4 Processor Interruption and Exception Handlers          */
  71:Core/Src/stm32f4xx_it.c **** /******************************************************************************/
  72:Core/Src/stm32f4xx_it.c **** /**
  73:Core/Src/stm32f4xx_it.c ****   * @brief This function handles Non maskable interrupt.
  74:Core/Src/stm32f4xx_it.c ****   */
  75:Core/Src/stm32f4xx_it.c **** void NMI_Handler(void)
  76:Core/Src/stm32f4xx_it.c **** {
  29              		.loc 1 76 1 view -0
  30              		.cfi_startproc
  31              		@ Volatile: function does not return.
  32              		@ args = 0, pretend = 0, frame = 0
  33              		@ frame_needed = 0, uses_anonymous_args = 0
  34              		@ link register save eliminated.
  35              	.L2:
  77:Core/Src/stm32f4xx_it.c ****   /* USER CODE BEGIN NonMaskableInt_IRQn 0 */
  78:Core/Src/stm32f4xx_it.c **** 
  79:Core/Src/stm32f4xx_it.c ****   /* USER CODE END NonMaskableInt_IRQn 0 */
  80:Core/Src/stm32f4xx_it.c ****   /* USER CODE BEGIN NonMaskableInt_IRQn 1 */
ARM GAS  /tmp/ccAlRPbl.s 			page 3


  81:Core/Src/stm32f4xx_it.c ****    while (1)
  36              		.loc 1 81 4 discriminator 1 view .LVU1
  82:Core/Src/stm32f4xx_it.c ****   {
  83:Core/Src/stm32f4xx_it.c ****   }
  37              		.loc 1 83 3 discriminator 1 view .LVU2
  81:Core/Src/stm32f4xx_it.c ****   {
  38              		.loc 1 81 10 discriminator 1 view .LVU3
  39 0000 FEE7     		b	.L2
  40              		.cfi_endproc
  41              	.LFE134:
  43              		.section	.text.HardFault_Handler,"ax",%progbits
  44              		.align	1
  45              		.global	HardFault_Handler
  46              		.syntax unified
  47              		.thumb
  48              		.thumb_func
  49              		.fpu fpv4-sp-d16
  51              	HardFault_Handler:
  52              	.LFB135:
  84:Core/Src/stm32f4xx_it.c ****   /* USER CODE END NonMaskableInt_IRQn 1 */
  85:Core/Src/stm32f4xx_it.c **** }
  86:Core/Src/stm32f4xx_it.c **** 
  87:Core/Src/stm32f4xx_it.c **** /**
  88:Core/Src/stm32f4xx_it.c ****   * @brief This function handles Hard fault interrupt.
  89:Core/Src/stm32f4xx_it.c ****   */
  90:Core/Src/stm32f4xx_it.c **** void HardFault_Handler(void)
  91:Core/Src/stm32f4xx_it.c **** {
  53              		.loc 1 91 1 view -0
  54              		.cfi_startproc
  55              		@ Volatile: function does not return.
  56              		@ args = 0, pretend = 0, frame = 0
  57              		@ frame_needed = 0, uses_anonymous_args = 0
  58              		@ link register save eliminated.
  59              	.L4:
  92:Core/Src/stm32f4xx_it.c ****   /* USER CODE BEGIN HardFault_IRQn 0 */
  93:Core/Src/stm32f4xx_it.c **** 
  94:Core/Src/stm32f4xx_it.c ****   /* USER CODE END HardFault_IRQn 0 */
  95:Core/Src/stm32f4xx_it.c ****   while (1)
  60              		.loc 1 95 3 discriminator 1 view .LVU5
  96:Core/Src/stm32f4xx_it.c ****   {
  97:Core/Src/stm32f4xx_it.c ****     /* USER CODE BEGIN W1_HardFault_IRQn 0 */
  98:Core/Src/stm32f4xx_it.c ****     /* USER CODE END W1_HardFault_IRQn 0 */
  99:Core/Src/stm32f4xx_it.c ****   }
  61              		.loc 1 99 3 discriminator 1 view .LVU6
  95:Core/Src/stm32f4xx_it.c ****   {
  62              		.loc 1 95 9 discriminator 1 view .LVU7
  63 0000 FEE7     		b	.L4
  64              		.cfi_endproc
  65              	.LFE135:
  67              		.section	.text.MemManage_Handler,"ax",%progbits
  68              		.align	1
  69              		.global	MemManage_Handler
  70              		.syntax unified
  71              		.thumb
  72              		.thumb_func
  73              		.fpu fpv4-sp-d16
  75              	MemManage_Handler:
ARM GAS  /tmp/ccAlRPbl.s 			page 4


  76              	.LFB136:
 100:Core/Src/stm32f4xx_it.c **** }
 101:Core/Src/stm32f4xx_it.c **** 
 102:Core/Src/stm32f4xx_it.c **** /**
 103:Core/Src/stm32f4xx_it.c ****   * @brief This function handles Memory management fault.
 104:Core/Src/stm32f4xx_it.c ****   */
 105:Core/Src/stm32f4xx_it.c **** void MemManage_Handler(void)
 106:Core/Src/stm32f4xx_it.c **** {
  77              		.loc 1 106 1 view -0
  78              		.cfi_startproc
  79              		@ Volatile: function does not return.
  80              		@ args = 0, pretend = 0, frame = 0
  81              		@ frame_needed = 0, uses_anonymous_args = 0
  82              		@ link register save eliminated.
  83              	.L6:
 107:Core/Src/stm32f4xx_it.c ****   /* USER CODE BEGIN MemoryManagement_IRQn 0 */
 108:Core/Src/stm32f4xx_it.c **** 
 109:Core/Src/stm32f4xx_it.c ****   /* USER CODE END MemoryManagement_IRQn 0 */
 110:Core/Src/stm32f4xx_it.c ****   while (1)
  84              		.loc 1 110 3 discriminator 1 view .LVU9
 111:Core/Src/stm32f4xx_it.c ****   {
 112:Core/Src/stm32f4xx_it.c ****     /* USER CODE BEGIN W1_MemoryManagement_IRQn 0 */
 113:Core/Src/stm32f4xx_it.c ****     /* USER CODE END W1_MemoryManagement_IRQn 0 */
 114:Core/Src/stm32f4xx_it.c ****   }
  85              		.loc 1 114 3 discriminator 1 view .LVU10
 110:Core/Src/stm32f4xx_it.c ****   {
  86              		.loc 1 110 9 discriminator 1 view .LVU11
  87 0000 FEE7     		b	.L6
  88              		.cfi_endproc
  89              	.LFE136:
  91              		.section	.text.BusFault_Handler,"ax",%progbits
  92              		.align	1
  93              		.global	BusFault_Handler
  94              		.syntax unified
  95              		.thumb
  96              		.thumb_func
  97              		.fpu fpv4-sp-d16
  99              	BusFault_Handler:
 100              	.LFB137:
 115:Core/Src/stm32f4xx_it.c **** }
 116:Core/Src/stm32f4xx_it.c **** 
 117:Core/Src/stm32f4xx_it.c **** /**
 118:Core/Src/stm32f4xx_it.c ****   * @brief This function handles Pre-fetch fault, memory access fault.
 119:Core/Src/stm32f4xx_it.c ****   */
 120:Core/Src/stm32f4xx_it.c **** void BusFault_Handler(void)
 121:Core/Src/stm32f4xx_it.c **** {
 101              		.loc 1 121 1 view -0
 102              		.cfi_startproc
 103              		@ Volatile: function does not return.
 104              		@ args = 0, pretend = 0, frame = 0
 105              		@ frame_needed = 0, uses_anonymous_args = 0
 106              		@ link register save eliminated.
 107              	.L8:
 122:Core/Src/stm32f4xx_it.c ****   /* USER CODE BEGIN BusFault_IRQn 0 */
 123:Core/Src/stm32f4xx_it.c **** 
 124:Core/Src/stm32f4xx_it.c ****   /* USER CODE END BusFault_IRQn 0 */
 125:Core/Src/stm32f4xx_it.c ****   while (1)
ARM GAS  /tmp/ccAlRPbl.s 			page 5


 108              		.loc 1 125 3 discriminator 1 view .LVU13
 126:Core/Src/stm32f4xx_it.c ****   {
 127:Core/Src/stm32f4xx_it.c ****     /* USER CODE BEGIN W1_BusFault_IRQn 0 */
 128:Core/Src/stm32f4xx_it.c ****     /* USER CODE END W1_BusFault_IRQn 0 */
 129:Core/Src/stm32f4xx_it.c ****   }
 109              		.loc 1 129 3 discriminator 1 view .LVU14
 125:Core/Src/stm32f4xx_it.c ****   {
 110              		.loc 1 125 9 discriminator 1 view .LVU15
 111 0000 FEE7     		b	.L8
 112              		.cfi_endproc
 113              	.LFE137:
 115              		.section	.text.UsageFault_Handler,"ax",%progbits
 116              		.align	1
 117              		.global	UsageFault_Handler
 118              		.syntax unified
 119              		.thumb
 120              		.thumb_func
 121              		.fpu fpv4-sp-d16
 123              	UsageFault_Handler:
 124              	.LFB138:
 130:Core/Src/stm32f4xx_it.c **** }
 131:Core/Src/stm32f4xx_it.c **** 
 132:Core/Src/stm32f4xx_it.c **** /**
 133:Core/Src/stm32f4xx_it.c ****   * @brief This function handles Undefined instruction or illegal state.
 134:Core/Src/stm32f4xx_it.c ****   */
 135:Core/Src/stm32f4xx_it.c **** void UsageFault_Handler(void)
 136:Core/Src/stm32f4xx_it.c **** {
 125              		.loc 1 136 1 view -0
 126              		.cfi_startproc
 127              		@ Volatile: function does not return.
 128              		@ args = 0, pretend = 0, frame = 0
 129              		@ frame_needed = 0, uses_anonymous_args = 0
 130              		@ link register save eliminated.
 131              	.L10:
 137:Core/Src/stm32f4xx_it.c ****   /* USER CODE BEGIN UsageFault_IRQn 0 */
 138:Core/Src/stm32f4xx_it.c **** 
 139:Core/Src/stm32f4xx_it.c ****   /* USER CODE END UsageFault_IRQn 0 */
 140:Core/Src/stm32f4xx_it.c ****   while (1)
 132              		.loc 1 140 3 discriminator 1 view .LVU17
 141:Core/Src/stm32f4xx_it.c ****   {
 142:Core/Src/stm32f4xx_it.c ****     /* USER CODE BEGIN W1_UsageFault_IRQn 0 */
 143:Core/Src/stm32f4xx_it.c ****     /* USER CODE END W1_UsageFault_IRQn 0 */
 144:Core/Src/stm32f4xx_it.c ****   }
 133              		.loc 1 144 3 discriminator 1 view .LVU18
 140:Core/Src/stm32f4xx_it.c ****   {
 134              		.loc 1 140 9 discriminator 1 view .LVU19
 135 0000 FEE7     		b	.L10
 136              		.cfi_endproc
 137              	.LFE138:
 139              		.section	.text.DebugMon_Handler,"ax",%progbits
 140              		.align	1
 141              		.global	DebugMon_Handler
 142              		.syntax unified
 143              		.thumb
 144              		.thumb_func
 145              		.fpu fpv4-sp-d16
 147              	DebugMon_Handler:
ARM GAS  /tmp/ccAlRPbl.s 			page 6


 148              	.LFB139:
 145:Core/Src/stm32f4xx_it.c **** }
 146:Core/Src/stm32f4xx_it.c **** 
 147:Core/Src/stm32f4xx_it.c **** /**
 148:Core/Src/stm32f4xx_it.c ****   * @brief This function handles Debug monitor.
 149:Core/Src/stm32f4xx_it.c ****   */
 150:Core/Src/stm32f4xx_it.c **** void DebugMon_Handler(void)
 151:Core/Src/stm32f4xx_it.c **** {
 149              		.loc 1 151 1 view -0
 150              		.cfi_startproc
 151              		@ args = 0, pretend = 0, frame = 0
 152              		@ frame_needed = 0, uses_anonymous_args = 0
 153              		@ link register save eliminated.
 152:Core/Src/stm32f4xx_it.c ****   /* USER CODE BEGIN DebugMonitor_IRQn 0 */
 153:Core/Src/stm32f4xx_it.c **** 
 154:Core/Src/stm32f4xx_it.c ****   /* USER CODE END DebugMonitor_IRQn 0 */
 155:Core/Src/stm32f4xx_it.c ****   /* USER CODE BEGIN DebugMonitor_IRQn 1 */
 156:Core/Src/stm32f4xx_it.c **** 
 157:Core/Src/stm32f4xx_it.c ****   /* USER CODE END DebugMonitor_IRQn 1 */
 158:Core/Src/stm32f4xx_it.c **** }
 154              		.loc 1 158 1 view .LVU21
 155 0000 7047     		bx	lr
 156              		.cfi_endproc
 157              	.LFE139:
 159              		.section	.text.TIM8_UP_TIM13_IRQHandler,"ax",%progbits
 160              		.align	1
 161              		.global	TIM8_UP_TIM13_IRQHandler
 162              		.syntax unified
 163              		.thumb
 164              		.thumb_func
 165              		.fpu fpv4-sp-d16
 167              	TIM8_UP_TIM13_IRQHandler:
 168              	.LFB140:
 159:Core/Src/stm32f4xx_it.c **** 
 160:Core/Src/stm32f4xx_it.c **** /******************************************************************************/
 161:Core/Src/stm32f4xx_it.c **** /* STM32F4xx Peripheral Interrupt Handlers                                    */
 162:Core/Src/stm32f4xx_it.c **** /* Add here the Interrupt Handlers for the used peripherals.                  */
 163:Core/Src/stm32f4xx_it.c **** /* For the available peripheral interrupt handler names,                      */
 164:Core/Src/stm32f4xx_it.c **** /* please refer to the startup file (startup_stm32f4xx.s).                    */
 165:Core/Src/stm32f4xx_it.c **** /******************************************************************************/
 166:Core/Src/stm32f4xx_it.c **** 
 167:Core/Src/stm32f4xx_it.c **** /**
 168:Core/Src/stm32f4xx_it.c ****   * @brief This function handles TIM8 update interrupt and TIM13 global interrupt.
 169:Core/Src/stm32f4xx_it.c ****   */
 170:Core/Src/stm32f4xx_it.c **** void TIM8_UP_TIM13_IRQHandler(void)
 171:Core/Src/stm32f4xx_it.c **** {
 169              		.loc 1 171 1 view -0
 170              		.cfi_startproc
 171              		@ args = 0, pretend = 0, frame = 0
 172              		@ frame_needed = 0, uses_anonymous_args = 0
 173 0000 08B5     		push	{r3, lr}
 174              	.LCFI0:
 175              		.cfi_def_cfa_offset 8
 176              		.cfi_offset 3, -8
 177              		.cfi_offset 14, -4
 172:Core/Src/stm32f4xx_it.c ****   /* USER CODE BEGIN TIM8_UP_TIM13_IRQn 0 */
 173:Core/Src/stm32f4xx_it.c **** 
ARM GAS  /tmp/ccAlRPbl.s 			page 7


 174:Core/Src/stm32f4xx_it.c ****   /* USER CODE END TIM8_UP_TIM13_IRQn 0 */
 175:Core/Src/stm32f4xx_it.c ****   HAL_TIM_IRQHandler(&htim8);
 178              		.loc 1 175 3 view .LVU23
 179 0002 0248     		ldr	r0, .L14
 180 0004 FFF7FEFF 		bl	HAL_TIM_IRQHandler
 181              	.LVL0:
 176:Core/Src/stm32f4xx_it.c ****   /* USER CODE BEGIN TIM8_UP_TIM13_IRQn 1 */
 177:Core/Src/stm32f4xx_it.c **** 
 178:Core/Src/stm32f4xx_it.c ****   /* USER CODE END TIM8_UP_TIM13_IRQn 1 */
 179:Core/Src/stm32f4xx_it.c **** }
 182              		.loc 1 179 1 is_stmt 0 view .LVU24
 183 0008 08BD     		pop	{r3, pc}
 184              	.L15:
 185 000a 00BF     		.align	2
 186              	.L14:
 187 000c 00000000 		.word	htim8
 188              		.cfi_endproc
 189              	.LFE140:
 191              		.global	__aeabi_f2d
 192              		.section	.text.CAN2_RX0_IRQHandler,"ax",%progbits
 193              		.align	1
 194              		.global	CAN2_RX0_IRQHandler
 195              		.syntax unified
 196              		.thumb
 197              		.thumb_func
 198              		.fpu fpv4-sp-d16
 200              	CAN2_RX0_IRQHandler:
 201              	.LFB141:
 180:Core/Src/stm32f4xx_it.c **** 
 181:Core/Src/stm32f4xx_it.c **** /**
 182:Core/Src/stm32f4xx_it.c ****   * @brief This function handles CAN2 RX0 interrupts.
 183:Core/Src/stm32f4xx_it.c ****   */
 184:Core/Src/stm32f4xx_it.c **** void CAN2_RX0_IRQHandler(void)
 185:Core/Src/stm32f4xx_it.c **** {
 202              		.loc 1 185 1 is_stmt 1 view -0
 203              		.cfi_startproc
 204              		@ args = 0, pretend = 0, frame = 0
 205              		@ frame_needed = 0, uses_anonymous_args = 0
 206 0000 70B5     		push	{r4, r5, r6, lr}
 207              	.LCFI1:
 208              		.cfi_def_cfa_offset 16
 209              		.cfi_offset 4, -16
 210              		.cfi_offset 5, -12
 211              		.cfi_offset 6, -8
 212              		.cfi_offset 14, -4
 186:Core/Src/stm32f4xx_it.c ****   /* USER CODE BEGIN CAN2_RX0_IRQn 0 */
 187:Core/Src/stm32f4xx_it.c **** 
 188:Core/Src/stm32f4xx_it.c ****   /* USER CODE END CAN2_RX0_IRQn 0 */
 189:Core/Src/stm32f4xx_it.c ****   HAL_CAN_IRQHandler(&hcan2);
 213              		.loc 1 189 3 view .LVU26
 214 0002 164D     		ldr	r5, .L20
 215 0004 2846     		mov	r0, r5
 216 0006 FFF7FEFF 		bl	HAL_CAN_IRQHandler
 217              	.LVL1:
 190:Core/Src/stm32f4xx_it.c ****   /* USER CODE BEGIN CAN2_RX0_IRQn 1 */
 191:Core/Src/stm32f4xx_it.c **** 	HAL_CAN_GetRxMessage(&CAN_H, CAN_RX_FIFO0, &can_rx.rx_header, can_rx.data);
 218              		.loc 1 191 2 view .LVU27
ARM GAS  /tmp/ccAlRPbl.s 			page 8


 219 000a 154C     		ldr	r4, .L20+4
 220 000c 2346     		mov	r3, r4
 221 000e 04F10802 		add	r2, r4, #8
 222 0012 0021     		movs	r1, #0
 223 0014 2846     		mov	r0, r5
 224 0016 FFF7FEFF 		bl	HAL_CAN_GetRxMessage
 225              	.LVL2:
 192:Core/Src/stm32f4xx_it.c **** 	uint8_t received_id = can_rx.data[0];
 226              		.loc 1 192 2 view .LVU28
 227              		.loc 1 192 10 is_stmt 0 view .LVU29
 228 001a 2478     		ldrb	r4, [r4]	@ zero_extendqisi2
 229              	.LVL3:
 193:Core/Src/stm32f4xx_it.c **** 	
 194:Core/Src/stm32f4xx_it.c **** 	if (received_id < MAX_CAN_ID) {
 230              		.loc 1 194 2 is_stmt 1 view .LVU30
 231              		.loc 1 194 5 is_stmt 0 view .LVU31
 232 001c 0E2C     		cmp	r4, #14
 233 001e 00D9     		bls	.L19
 234              	.LVL4:
 235              	.L16:
 195:Core/Src/stm32f4xx_it.c ****     
 196:Core/Src/stm32f4xx_it.c ****     unpack_state(&can_rx, &(joint_map[received_id]->state));
 197:Core/Src/stm32f4xx_it.c ****     
 198:Core/Src/stm32f4xx_it.c ****     // Copy sang ROS
 199:Core/Src/stm32f4xx_it.c ****     joint_map[received_id]->ros.position = (double)joint_map[received_id]->state.p_act;
 200:Core/Src/stm32f4xx_it.c ****     joint_map[received_id]->ros.velocity = (double)joint_map[received_id]->state.v_act;
 201:Core/Src/stm32f4xx_it.c ****     joint_map[received_id]->ros.effort   = (double)joint_map[received_id]->state.t_act;
 202:Core/Src/stm32f4xx_it.c **** }
 203:Core/Src/stm32f4xx_it.c **** 	
 204:Core/Src/stm32f4xx_it.c **** 
 205:Core/Src/stm32f4xx_it.c **** 	
 206:Core/Src/stm32f4xx_it.c **** 	
 207:Core/Src/stm32f4xx_it.c **** 	uint8_t Task_ID = can_rx.rx_header.StdId & 0x00F;      
 208:Core/Src/stm32f4xx_it.c **** 	uint32_t Group_ID = can_rx.rx_header.StdId & 0x7F0;  
 209:Core/Src/stm32f4xx_it.c **** 	
 210:Core/Src/stm32f4xx_it.c **** 	if (Group_ID != 0x000) 
 211:Core/Src/stm32f4xx_it.c **** 	{
 212:Core/Src/stm32f4xx_it.c **** 		switch (Task_ID){
 213:Core/Src/stm32f4xx_it.c **** 			case 0x0:{ // Recive Sp Position and Velocity
 214:Core/Src/stm32f4xx_it.c **** 				uint16_t spPos, spVel;
 215:Core/Src/stm32f4xx_it.c **** 				
 216:Core/Src/stm32f4xx_it.c **** 				
 217:Core/Src/stm32f4xx_it.c **** 				
 218:Core/Src/stm32f4xx_it.c **** 				break;
 219:Core/Src/stm32f4xx_it.c **** 			}
 220:Core/Src/stm32f4xx_it.c **** 			case 0x1: 
 221:Core/Src/stm32f4xx_it.c **** 			
 222:Core/Src/stm32f4xx_it.c **** 				break;
 223:Core/Src/stm32f4xx_it.c **** 			case 0x2: 
 224:Core/Src/stm32f4xx_it.c **** 				
 225:Core/Src/stm32f4xx_it.c **** 				break;
 226:Core/Src/stm32f4xx_it.c **** 			
 227:Core/Src/stm32f4xx_it.c **** 			case 0xF: 
 228:Core/Src/stm32f4xx_it.c **** 
 229:Core/Src/stm32f4xx_it.c **** 				break;
 230:Core/Src/stm32f4xx_it.c **** 
 231:Core/Src/stm32f4xx_it.c **** 			default:
ARM GAS  /tmp/ccAlRPbl.s 			page 9


 232:Core/Src/stm32f4xx_it.c **** 				
 233:Core/Src/stm32f4xx_it.c **** 				break;
 234:Core/Src/stm32f4xx_it.c **** 		}
 235:Core/Src/stm32f4xx_it.c **** 	}
 236:Core/Src/stm32f4xx_it.c **** 	else if (Group_ID == 0x000) 
 237:Core/Src/stm32f4xx_it.c **** 	{
 238:Core/Src/stm32f4xx_it.c **** 		switch (Task_ID){
 239:Core/Src/stm32f4xx_it.c **** 			case 0x0: 
 240:Core/Src/stm32f4xx_it.c **** 				
 241:Core/Src/stm32f4xx_it.c **** 				break;
 242:Core/Src/stm32f4xx_it.c **** 			
 243:Core/Src/stm32f4xx_it.c **** 			case 0x1: 
 244:Core/Src/stm32f4xx_it.c **** 			
 245:Core/Src/stm32f4xx_it.c **** 				break;
 246:Core/Src/stm32f4xx_it.c **** 			case 0x2: 
 247:Core/Src/stm32f4xx_it.c **** 				
 248:Core/Src/stm32f4xx_it.c **** 				break;
 249:Core/Src/stm32f4xx_it.c **** 			
 250:Core/Src/stm32f4xx_it.c **** 			case 0xF: 
 251:Core/Src/stm32f4xx_it.c **** 
 252:Core/Src/stm32f4xx_it.c **** 				break;
 253:Core/Src/stm32f4xx_it.c **** 
 254:Core/Src/stm32f4xx_it.c **** 			default:
 255:Core/Src/stm32f4xx_it.c **** 				
 256:Core/Src/stm32f4xx_it.c **** 				break;
 257:Core/Src/stm32f4xx_it.c **** 		}
 258:Core/Src/stm32f4xx_it.c **** 	}
 259:Core/Src/stm32f4xx_it.c **** 
 260:Core/Src/stm32f4xx_it.c **** 	
 261:Core/Src/stm32f4xx_it.c **** 	
 262:Core/Src/stm32f4xx_it.c **** 	
 263:Core/Src/stm32f4xx_it.c **** 
 264:Core/Src/stm32f4xx_it.c ****   /* USER CODE END CAN2_RX0_IRQn 1 */
 265:Core/Src/stm32f4xx_it.c **** }
 236              		.loc 1 265 1 view .LVU32
 237 0020 70BD     		pop	{r4, r5, r6, pc}
 238              	.LVL5:
 239              	.L19:
 196:Core/Src/stm32f4xx_it.c ****     
 240              		.loc 1 196 5 is_stmt 1 view .LVU33
 196:Core/Src/stm32f4xx_it.c ****     
 241              		.loc 1 196 38 is_stmt 0 view .LVU34
 242 0022 104D     		ldr	r5, .L20+8
 243 0024 55F82410 		ldr	r1, [r5, r4, lsl #2]
 196:Core/Src/stm32f4xx_it.c ****     
 244              		.loc 1 196 5 view .LVU35
 245 0028 1831     		adds	r1, r1, #24
 246 002a 0D48     		ldr	r0, .L20+4
 247 002c FFF7FEFF 		bl	unpack_state
 248              	.LVL6:
 199:Core/Src/stm32f4xx_it.c ****     joint_map[received_id]->ros.velocity = (double)joint_map[received_id]->state.v_act;
 249              		.loc 1 199 5 is_stmt 1 view .LVU36
 199:Core/Src/stm32f4xx_it.c ****     joint_map[received_id]->ros.velocity = (double)joint_map[received_id]->state.v_act;
 250              		.loc 1 199 61 is_stmt 0 view .LVU37
 251 0030 55F82460 		ldr	r6, [r5, r4, lsl #2]
 199:Core/Src/stm32f4xx_it.c ****     joint_map[received_id]->ros.velocity = (double)joint_map[received_id]->state.v_act;
 252              		.loc 1 199 44 view .LVU38
ARM GAS  /tmp/ccAlRPbl.s 			page 10


 253 0034 B069     		ldr	r0, [r6, #24]	@ float
 254 0036 FFF7FEFF 		bl	__aeabi_f2d
 255              	.LVL7:
 199:Core/Src/stm32f4xx_it.c ****     joint_map[received_id]->ros.velocity = (double)joint_map[received_id]->state.v_act;
 256              		.loc 1 199 42 view .LVU39
 257 003a C6E90C01 		strd	r0, [r6, #48]
 200:Core/Src/stm32f4xx_it.c ****     joint_map[received_id]->ros.effort   = (double)joint_map[received_id]->state.t_act;
 258              		.loc 1 200 5 is_stmt 1 view .LVU40
 200:Core/Src/stm32f4xx_it.c ****     joint_map[received_id]->ros.effort   = (double)joint_map[received_id]->state.t_act;
 259              		.loc 1 200 61 is_stmt 0 view .LVU41
 260 003e 55F82460 		ldr	r6, [r5, r4, lsl #2]
 200:Core/Src/stm32f4xx_it.c ****     joint_map[received_id]->ros.effort   = (double)joint_map[received_id]->state.t_act;
 261              		.loc 1 200 44 view .LVU42
 262 0042 F069     		ldr	r0, [r6, #28]	@ float
 263 0044 FFF7FEFF 		bl	__aeabi_f2d
 264              	.LVL8:
 200:Core/Src/stm32f4xx_it.c ****     joint_map[received_id]->ros.effort   = (double)joint_map[received_id]->state.t_act;
 265              		.loc 1 200 42 view .LVU43
 266 0048 C6E90E01 		strd	r0, [r6, #56]
 201:Core/Src/stm32f4xx_it.c **** }
 267              		.loc 1 201 5 is_stmt 1 view .LVU44
 201:Core/Src/stm32f4xx_it.c **** }
 268              		.loc 1 201 61 is_stmt 0 view .LVU45
 269 004c 55F82440 		ldr	r4, [r5, r4, lsl #2]
 270              	.LVL9:
 201:Core/Src/stm32f4xx_it.c **** }
 271              		.loc 1 201 44 view .LVU46
 272 0050 206A     		ldr	r0, [r4, #32]	@ float
 273 0052 FFF7FEFF 		bl	__aeabi_f2d
 274              	.LVL10:
 201:Core/Src/stm32f4xx_it.c **** }
 275              		.loc 1 201 42 view .LVU47
 276 0056 C4E91001 		strd	r0, [r4, #64]
 207:Core/Src/stm32f4xx_it.c **** 	uint32_t Group_ID = can_rx.rx_header.StdId & 0x7F0;  
 277              		.loc 1 207 2 is_stmt 1 view .LVU48
 278              	.LVL11:
 208:Core/Src/stm32f4xx_it.c **** 	
 279              		.loc 1 208 2 view .LVU49
 210:Core/Src/stm32f4xx_it.c **** 	{
 280              		.loc 1 210 2 view .LVU50
 281              		.loc 1 265 1 is_stmt 0 view .LVU51
 282 005a E1E7     		b	.L16
 283              	.L21:
 284              		.align	2
 285              	.L20:
 286 005c 00000000 		.word	hcan2
 287 0060 00000000 		.word	can_rx
 288 0064 00000000 		.word	joint_map
 289              		.cfi_endproc
 290              	.LFE141:
 292              		.section	.text.OTG_FS_IRQHandler,"ax",%progbits
 293              		.align	1
 294              		.global	OTG_FS_IRQHandler
 295              		.syntax unified
 296              		.thumb
 297              		.thumb_func
 298              		.fpu fpv4-sp-d16
ARM GAS  /tmp/ccAlRPbl.s 			page 11


 300              	OTG_FS_IRQHandler:
 301              	.LFB142:
 266:Core/Src/stm32f4xx_it.c **** /**
 267:Core/Src/stm32f4xx_it.c ****   * @brief This function handles USB On The Go FS global interrupt.
 268:Core/Src/stm32f4xx_it.c ****   */
 269:Core/Src/stm32f4xx_it.c **** void OTG_FS_IRQHandler(void)
 270:Core/Src/stm32f4xx_it.c **** {
 302              		.loc 1 270 1 is_stmt 1 view -0
 303              		.cfi_startproc
 304              		@ args = 0, pretend = 0, frame = 0
 305              		@ frame_needed = 0, uses_anonymous_args = 0
 306 0000 08B5     		push	{r3, lr}
 307              	.LCFI2:
 308              		.cfi_def_cfa_offset 8
 309              		.cfi_offset 3, -8
 310              		.cfi_offset 14, -4
 271:Core/Src/stm32f4xx_it.c ****   /* USER CODE BEGIN OTG_FS_IRQn 0 */
 272:Core/Src/stm32f4xx_it.c **** 
 273:Core/Src/stm32f4xx_it.c ****   /* USER CODE END OTG_FS_IRQn 0 */
 274:Core/Src/stm32f4xx_it.c ****   HAL_PCD_IRQHandler(&hpcd_USB_OTG_FS);
 311              		.loc 1 274 3 view .LVU53
 312 0002 0248     		ldr	r0, .L24
 313 0004 FFF7FEFF 		bl	HAL_PCD_IRQHandler
 314              	.LVL12:
 275:Core/Src/stm32f4xx_it.c ****   /* USER CODE BEGIN OTG_FS_IRQn 1 */
 276:Core/Src/stm32f4xx_it.c **** 
 277:Core/Src/stm32f4xx_it.c ****   /* USER CODE END OTG_FS_IRQn 1 */
 278:Core/Src/stm32f4xx_it.c **** }
 315              		.loc 1 278 1 is_stmt 0 view .LVU54
 316 0008 08BD     		pop	{r3, pc}
 317              	.L25:
 318 000a 00BF     		.align	2
 319              	.L24:
 320 000c 00000000 		.word	hpcd_USB_OTG_FS
 321              		.cfi_endproc
 322              	.LFE142:
 324              		.text
 325              	.Letext0:
 326              		.file 2 "/usr/lib/gcc/arm-none-eabi/10.3.1/include/stdint.h"
 327              		.file 3 "Drivers/CMSIS/Device/ST/STM32F4xx/Include/stm32f405xx.h"
 328              		.file 4 "Drivers/CMSIS/Device/ST/STM32F4xx/Include/stm32f4xx.h"
 329              		.file 5 "Drivers/STM32F4xx_HAL_Driver/Inc/stm32f4xx_hal_def.h"
 330              		.file 6 "Drivers/STM32F4xx_HAL_Driver/Inc/stm32f4xx_hal_dma.h"
 331              		.file 7 "Drivers/STM32F4xx_HAL_Driver/Inc/stm32f4xx_hal_can.h"
 332              		.file 8 "Drivers/STM32F4xx_HAL_Driver/Inc/stm32f4xx_hal_tim.h"
 333              		.file 9 "Drivers/STM32F4xx_HAL_Driver/Inc/stm32f4xx_ll_usb.h"
 334              		.file 10 "Drivers/STM32F4xx_HAL_Driver/Inc/stm32f4xx_hal_pcd.h"
 335              		.file 11 "Core/Inc/joint_acc.h"
 336              		.file 12 "Core/Inc/can.h"
 337              		.file 13 "Core/Inc/structs.h"
ARM GAS  /tmp/ccAlRPbl.s 			page 12


DEFINED SYMBOLS
                            *ABS*:0000000000000000 stm32f4xx_it.c
     /tmp/ccAlRPbl.s:18     .text.NMI_Handler:0000000000000000 $t
     /tmp/ccAlRPbl.s:26     .text.NMI_Handler:0000000000000000 NMI_Handler
     /tmp/ccAlRPbl.s:44     .text.HardFault_Handler:0000000000000000 $t
     /tmp/ccAlRPbl.s:51     .text.HardFault_Handler:0000000000000000 HardFault_Handler
     /tmp/ccAlRPbl.s:68     .text.MemManage_Handler:0000000000000000 $t
     /tmp/ccAlRPbl.s:75     .text.MemManage_Handler:0000000000000000 MemManage_Handler
     /tmp/ccAlRPbl.s:92     .text.BusFault_Handler:0000000000000000 $t
     /tmp/ccAlRPbl.s:99     .text.BusFault_Handler:0000000000000000 BusFault_Handler
     /tmp/ccAlRPbl.s:116    .text.UsageFault_Handler:0000000000000000 $t
     /tmp/ccAlRPbl.s:123    .text.UsageFault_Handler:0000000000000000 UsageFault_Handler
     /tmp/ccAlRPbl.s:140    .text.DebugMon_Handler:0000000000000000 $t
     /tmp/ccAlRPbl.s:147    .text.DebugMon_Handler:0000000000000000 DebugMon_Handler
     /tmp/ccAlRPbl.s:160    .text.TIM8_UP_TIM13_IRQHandler:0000000000000000 $t
     /tmp/ccAlRPbl.s:167    .text.TIM8_UP_TIM13_IRQHandler:0000000000000000 TIM8_UP_TIM13_IRQHandler
     /tmp/ccAlRPbl.s:187    .text.TIM8_UP_TIM13_IRQHandler:000000000000000c $d
     /tmp/ccAlRPbl.s:193    .text.CAN2_RX0_IRQHandler:0000000000000000 $t
     /tmp/ccAlRPbl.s:200    .text.CAN2_RX0_IRQHandler:0000000000000000 CAN2_RX0_IRQHandler
     /tmp/ccAlRPbl.s:286    .text.CAN2_RX0_IRQHandler:000000000000005c $d
     /tmp/ccAlRPbl.s:293    .text.OTG_FS_IRQHandler:0000000000000000 $t
     /tmp/ccAlRPbl.s:300    .text.OTG_FS_IRQHandler:0000000000000000 OTG_FS_IRQHandler
     /tmp/ccAlRPbl.s:320    .text.OTG_FS_IRQHandler:000000000000000c $d

UNDEFINED SYMBOLS
HAL_TIM_IRQHandler
htim8
__aeabi_f2d
HAL_CAN_IRQHandler
HAL_CAN_GetRxMessage
unpack_state
hcan2
can_rx
joint_map
HAL_PCD_IRQHandler
hpcd_USB_OTG_FS
