ARM GAS  /tmp/ccs27hLP.s 			page 1


   1              		.cpu cortex-m4
   2              		.eabi_attribute 27, 1
   3              		.eabi_attribute 28, 1
   4              		.eabi_attribute 20, 1
   5              		.eabi_attribute 21, 1
   6              		.eabi_attribute 23, 3
   7              		.eabi_attribute 24, 1
   8              		.eabi_attribute 25, 1
   9              		.eabi_attribute 26, 1
  10              		.eabi_attribute 30, 1
  11              		.eabi_attribute 34, 1
  12              		.eabi_attribute 18, 4
  13              		.file	"usb_cdc_transport.c"
  14              		.text
  15              	.Ltext0:
  16              		.cfi_sections	.debug_frame
  17              		.section	.text.CDC_TransmitCplt_FS,"ax",%progbits
  18              		.align	1
  19              		.arch armv7e-m
  20              		.syntax unified
  21              		.thumb
  22              		.thumb_func
  23              		.fpu fpv4-sp-d16
  25              	CDC_TransmitCplt_FS:
  26              	.LVL0:
  27              	.LFB143:
  28              		.file 1 "micro_ros_stm32cubemx_utils/extra_sources/microros_transports/usb_cdc_transport.c"
   1:micro_ros_stm32cubemx_utils/extra_sources/microros_transports/usb_cdc_transport.c **** #include <rmw_microros/rmw_microros.h>
   2:micro_ros_stm32cubemx_utils/extra_sources/microros_transports/usb_cdc_transport.c **** 
   3:micro_ros_stm32cubemx_utils/extra_sources/microros_transports/usb_cdc_transport.c **** #include "main.h"
   4:micro_ros_stm32cubemx_utils/extra_sources/microros_transports/usb_cdc_transport.c **** #include "cmsis_os.h"
   5:micro_ros_stm32cubemx_utils/extra_sources/microros_transports/usb_cdc_transport.c **** #include "usbd_cdc_if.h"
   6:micro_ros_stm32cubemx_utils/extra_sources/microros_transports/usb_cdc_transport.c **** #include "usbd_cdc.h"
   7:micro_ros_stm32cubemx_utils/extra_sources/microros_transports/usb_cdc_transport.c **** 
   8:micro_ros_stm32cubemx_utils/extra_sources/microros_transports/usb_cdc_transport.c **** #include <unistd.h>
   9:micro_ros_stm32cubemx_utils/extra_sources/microros_transports/usb_cdc_transport.c **** #include <stdio.h>
  10:micro_ros_stm32cubemx_utils/extra_sources/microros_transports/usb_cdc_transport.c **** #include <string.h>
  11:micro_ros_stm32cubemx_utils/extra_sources/microros_transports/usb_cdc_transport.c **** #include <stdbool.h>
  12:micro_ros_stm32cubemx_utils/extra_sources/microros_transports/usb_cdc_transport.c **** 
  13:micro_ros_stm32cubemx_utils/extra_sources/microros_transports/usb_cdc_transport.c **** #ifdef RMW_UXRCE_TRANSPORT_CUSTOM
  14:micro_ros_stm32cubemx_utils/extra_sources/microros_transports/usb_cdc_transport.c **** 
  15:micro_ros_stm32cubemx_utils/extra_sources/microros_transports/usb_cdc_transport.c **** // --- USB CDC Handles ---
  16:micro_ros_stm32cubemx_utils/extra_sources/microros_transports/usb_cdc_transport.c **** extern USBD_CDC_ItfTypeDef USBD_Interface_fops_FS;
  17:micro_ros_stm32cubemx_utils/extra_sources/microros_transports/usb_cdc_transport.c **** extern USBD_HandleTypeDef hUsbDeviceFS;
  18:micro_ros_stm32cubemx_utils/extra_sources/microros_transports/usb_cdc_transport.c **** 
  19:micro_ros_stm32cubemx_utils/extra_sources/microros_transports/usb_cdc_transport.c **** // --- Reimplemented USB CDC callbacks ---
  20:micro_ros_stm32cubemx_utils/extra_sources/microros_transports/usb_cdc_transport.c **** static int8_t CDC_TransmitCplt_FS(uint8_t *Buf, uint32_t *Len, uint8_t epnum);
  21:micro_ros_stm32cubemx_utils/extra_sources/microros_transports/usb_cdc_transport.c **** static int8_t CDC_Control_FS(uint8_t cmd, uint8_t* pbuf, uint16_t length);
  22:micro_ros_stm32cubemx_utils/extra_sources/microros_transports/usb_cdc_transport.c **** static int8_t CDC_Receive_FS(uint8_t* Buf, uint32_t *Len);
  23:micro_ros_stm32cubemx_utils/extra_sources/microros_transports/usb_cdc_transport.c **** 
  24:micro_ros_stm32cubemx_utils/extra_sources/microros_transports/usb_cdc_transport.c **** // Line coding: Rate: 115200bps; CharFormat: 1 Stop bit; Parity: None; Data: 8 bits
  25:micro_ros_stm32cubemx_utils/extra_sources/microros_transports/usb_cdc_transport.c **** static uint8_t line_coding[7] = {0x00, 0xC2, 0x01, 0x00, 0x00, 0x00, 0x08};
  26:micro_ros_stm32cubemx_utils/extra_sources/microros_transports/usb_cdc_transport.c **** 
  27:micro_ros_stm32cubemx_utils/extra_sources/microros_transports/usb_cdc_transport.c **** // --- micro-ROS Transports ---
  28:micro_ros_stm32cubemx_utils/extra_sources/microros_transports/usb_cdc_transport.c **** #define USB_BUFFER_SIZE 2048
  29:micro_ros_stm32cubemx_utils/extra_sources/microros_transports/usb_cdc_transport.c **** #define WRITE_TIMEOUT_MS 100U
  30:micro_ros_stm32cubemx_utils/extra_sources/microros_transports/usb_cdc_transport.c **** 
ARM GAS  /tmp/ccs27hLP.s 			page 2


  31:micro_ros_stm32cubemx_utils/extra_sources/microros_transports/usb_cdc_transport.c **** volatile uint8_t storage_buffer[USB_BUFFER_SIZE] = {0};
  32:micro_ros_stm32cubemx_utils/extra_sources/microros_transports/usb_cdc_transport.c **** volatile size_t it_head = 0;
  33:micro_ros_stm32cubemx_utils/extra_sources/microros_transports/usb_cdc_transport.c **** volatile size_t it_tail = 0;
  34:micro_ros_stm32cubemx_utils/extra_sources/microros_transports/usb_cdc_transport.c **** volatile bool g_write_complete = false;
  35:micro_ros_stm32cubemx_utils/extra_sources/microros_transports/usb_cdc_transport.c **** bool initialized = false;
  36:micro_ros_stm32cubemx_utils/extra_sources/microros_transports/usb_cdc_transport.c **** 
  37:micro_ros_stm32cubemx_utils/extra_sources/microros_transports/usb_cdc_transport.c **** // Transmission completed callback
  38:micro_ros_stm32cubemx_utils/extra_sources/microros_transports/usb_cdc_transport.c **** static int8_t CDC_TransmitCplt_FS(uint8_t *Buf, uint32_t *Len, uint8_t epnum)
  39:micro_ros_stm32cubemx_utils/extra_sources/microros_transports/usb_cdc_transport.c **** {
  29              		.loc 1 39 1 view -0
  30              		.cfi_startproc
  31              		@ args = 0, pretend = 0, frame = 0
  32              		@ frame_needed = 0, uses_anonymous_args = 0
  33              		@ link register save eliminated.
  40:micro_ros_stm32cubemx_utils/extra_sources/microros_transports/usb_cdc_transport.c ****     (void) Buf;
  34              		.loc 1 40 5 view .LVU1
  41:micro_ros_stm32cubemx_utils/extra_sources/microros_transports/usb_cdc_transport.c ****     (void) Len;
  35              		.loc 1 41 5 view .LVU2
  42:micro_ros_stm32cubemx_utils/extra_sources/microros_transports/usb_cdc_transport.c ****     (void) epnum;
  36              		.loc 1 42 5 view .LVU3
  43:micro_ros_stm32cubemx_utils/extra_sources/microros_transports/usb_cdc_transport.c **** 
  44:micro_ros_stm32cubemx_utils/extra_sources/microros_transports/usb_cdc_transport.c ****     g_write_complete = true;
  37              		.loc 1 44 5 view .LVU4
  38              		.loc 1 44 22 is_stmt 0 view .LVU5
  39 0000 024B     		ldr	r3, .L2
  40 0002 0122     		movs	r2, #1
  41              	.LVL1:
  42              		.loc 1 44 22 view .LVU6
  43 0004 1A70     		strb	r2, [r3]
  45:micro_ros_stm32cubemx_utils/extra_sources/microros_transports/usb_cdc_transport.c ****     return USBD_OK;
  44              		.loc 1 45 5 is_stmt 1 view .LVU7
  46:micro_ros_stm32cubemx_utils/extra_sources/microros_transports/usb_cdc_transport.c **** }
  45              		.loc 1 46 1 is_stmt 0 view .LVU8
  46 0006 0020     		movs	r0, #0
  47              	.LVL2:
  48              		.loc 1 46 1 view .LVU9
  49 0008 7047     		bx	lr
  50              	.L3:
  51 000a 00BF     		.align	2
  52              	.L2:
  53 000c 00000000 		.word	.LANCHOR0
  54              		.cfi_endproc
  55              	.LFE143:
  57              		.section	.text.CDC_Control_FS,"ax",%progbits
  58              		.align	1
  59              		.syntax unified
  60              		.thumb
  61              		.thumb_func
  62              		.fpu fpv4-sp-d16
  64              	CDC_Control_FS:
  65              	.LVL3:
  66              	.LFB144:
  47:micro_ros_stm32cubemx_utils/extra_sources/microros_transports/usb_cdc_transport.c **** 
  48:micro_ros_stm32cubemx_utils/extra_sources/microros_transports/usb_cdc_transport.c **** // USB CDC requests callback
  49:micro_ros_stm32cubemx_utils/extra_sources/microros_transports/usb_cdc_transport.c **** static int8_t CDC_Control_FS(uint8_t cmd, uint8_t* pbuf, uint16_t length)
  50:micro_ros_stm32cubemx_utils/extra_sources/microros_transports/usb_cdc_transport.c **** {
  67              		.loc 1 50 1 is_stmt 1 view -0
ARM GAS  /tmp/ccs27hLP.s 			page 3


  68              		.cfi_startproc
  69              		@ args = 0, pretend = 0, frame = 0
  70              		@ frame_needed = 0, uses_anonymous_args = 0
  71              		@ link register save eliminated.
  51:micro_ros_stm32cubemx_utils/extra_sources/microros_transports/usb_cdc_transport.c ****     switch(cmd)
  72              		.loc 1 51 5 view .LVU11
  73 0000 2028     		cmp	r0, #32
  74 0002 03D0     		beq	.L5
  75 0004 2128     		cmp	r0, #33
  76 0006 09D0     		beq	.L6
  77              	.LVL4:
  78              	.L7:
  52:micro_ros_stm32cubemx_utils/extra_sources/microros_transports/usb_cdc_transport.c ****     {
  53:micro_ros_stm32cubemx_utils/extra_sources/microros_transports/usb_cdc_transport.c ****         case CDC_SET_LINE_CODING:
  54:micro_ros_stm32cubemx_utils/extra_sources/microros_transports/usb_cdc_transport.c ****         memcpy(line_coding, pbuf, sizeof(line_coding));
  55:micro_ros_stm32cubemx_utils/extra_sources/microros_transports/usb_cdc_transport.c ****         break;
  56:micro_ros_stm32cubemx_utils/extra_sources/microros_transports/usb_cdc_transport.c **** 
  57:micro_ros_stm32cubemx_utils/extra_sources/microros_transports/usb_cdc_transport.c ****         case CDC_GET_LINE_CODING:
  58:micro_ros_stm32cubemx_utils/extra_sources/microros_transports/usb_cdc_transport.c ****         memcpy(pbuf, line_coding, sizeof(line_coding));
  59:micro_ros_stm32cubemx_utils/extra_sources/microros_transports/usb_cdc_transport.c ****         break;
  60:micro_ros_stm32cubemx_utils/extra_sources/microros_transports/usb_cdc_transport.c **** 
  61:micro_ros_stm32cubemx_utils/extra_sources/microros_transports/usb_cdc_transport.c ****         case CDC_SEND_ENCAPSULATED_COMMAND:
  62:micro_ros_stm32cubemx_utils/extra_sources/microros_transports/usb_cdc_transport.c ****         case CDC_GET_ENCAPSULATED_RESPONSE:
  63:micro_ros_stm32cubemx_utils/extra_sources/microros_transports/usb_cdc_transport.c ****         case CDC_SET_COMM_FEATURE:
  64:micro_ros_stm32cubemx_utils/extra_sources/microros_transports/usb_cdc_transport.c ****         case CDC_GET_COMM_FEATURE:
  65:micro_ros_stm32cubemx_utils/extra_sources/microros_transports/usb_cdc_transport.c ****         case CDC_CLEAR_COMM_FEATURE:
  66:micro_ros_stm32cubemx_utils/extra_sources/microros_transports/usb_cdc_transport.c ****         case CDC_SET_CONTROL_LINE_STATE:
  67:micro_ros_stm32cubemx_utils/extra_sources/microros_transports/usb_cdc_transport.c ****         case CDC_SEND_BREAK:
  68:micro_ros_stm32cubemx_utils/extra_sources/microros_transports/usb_cdc_transport.c ****         default:
  69:micro_ros_stm32cubemx_utils/extra_sources/microros_transports/usb_cdc_transport.c ****             break;
  70:micro_ros_stm32cubemx_utils/extra_sources/microros_transports/usb_cdc_transport.c ****     }
  71:micro_ros_stm32cubemx_utils/extra_sources/microros_transports/usb_cdc_transport.c **** 
  72:micro_ros_stm32cubemx_utils/extra_sources/microros_transports/usb_cdc_transport.c ****     return USBD_OK;
  79              		.loc 1 72 5 view .LVU12
  73:micro_ros_stm32cubemx_utils/extra_sources/microros_transports/usb_cdc_transport.c **** }
  80              		.loc 1 73 1 is_stmt 0 view .LVU13
  81 0008 0020     		movs	r0, #0
  82 000a 7047     		bx	lr
  83              	.LVL5:
  84              	.L5:
  54:micro_ros_stm32cubemx_utils/extra_sources/microros_transports/usb_cdc_transport.c ****         break;
  85              		.loc 1 54 9 is_stmt 1 view .LVU14
  86 000c 074B     		ldr	r3, .L8
  87 000e 0868     		ldr	r0, [r1]	@ unaligned
  88              	.LVL6:
  54:micro_ros_stm32cubemx_utils/extra_sources/microros_transports/usb_cdc_transport.c ****         break;
  89              		.loc 1 54 9 is_stmt 0 view .LVU15
  90 0010 1860     		str	r0, [r3]
  91 0012 8888     		ldrh	r0, [r1, #4]	@ unaligned
  92 0014 8A79     		ldrb	r2, [r1, #6]	@ zero_extendqisi2
  93              	.LVL7:
  54:micro_ros_stm32cubemx_utils/extra_sources/microros_transports/usb_cdc_transport.c ****         break;
  94              		.loc 1 54 9 view .LVU16
  95 0016 9880     		strh	r0, [r3, #4]	@ unaligned
  96 0018 9A71     		strb	r2, [r3, #6]
  55:micro_ros_stm32cubemx_utils/extra_sources/microros_transports/usb_cdc_transport.c **** 
  97              		.loc 1 55 9 is_stmt 1 view .LVU17
ARM GAS  /tmp/ccs27hLP.s 			page 4


  98 001a F5E7     		b	.L7
  99              	.LVL8:
 100              	.L6:
  58:micro_ros_stm32cubemx_utils/extra_sources/microros_transports/usb_cdc_transport.c ****         break;
 101              		.loc 1 58 9 view .LVU18
 102 001c 034B     		ldr	r3, .L8
 103 001e 1868     		ldr	r0, [r3]
 104              	.LVL9:
  58:micro_ros_stm32cubemx_utils/extra_sources/microros_transports/usb_cdc_transport.c ****         break;
 105              		.loc 1 58 9 is_stmt 0 view .LVU19
 106 0020 0860     		str	r0, [r1]	@ unaligned
 107 0022 9A88     		ldrh	r2, [r3, #4]	@ unaligned
 108              	.LVL10:
  58:micro_ros_stm32cubemx_utils/extra_sources/microros_transports/usb_cdc_transport.c ****         break;
 109              		.loc 1 58 9 view .LVU20
 110 0024 9B79     		ldrb	r3, [r3, #6]	@ zero_extendqisi2
 111 0026 8A80     		strh	r2, [r1, #4]	@ unaligned
 112 0028 8B71     		strb	r3, [r1, #6]
  59:micro_ros_stm32cubemx_utils/extra_sources/microros_transports/usb_cdc_transport.c **** 
 113              		.loc 1 59 9 is_stmt 1 view .LVU21
 114 002a EDE7     		b	.L7
 115              	.L9:
 116              		.align	2
 117              	.L8:
 118 002c 00000000 		.word	.LANCHOR1
 119              		.cfi_endproc
 120              	.LFE144:
 122              		.section	.text.CDC_Receive_FS,"ax",%progbits
 123              		.align	1
 124              		.syntax unified
 125              		.thumb
 126              		.thumb_func
 127              		.fpu fpv4-sp-d16
 129              	CDC_Receive_FS:
 130              	.LVL11:
 131              	.LFB145:
  74:micro_ros_stm32cubemx_utils/extra_sources/microros_transports/usb_cdc_transport.c **** 
  75:micro_ros_stm32cubemx_utils/extra_sources/microros_transports/usb_cdc_transport.c **** // Data received callback
  76:micro_ros_stm32cubemx_utils/extra_sources/microros_transports/usb_cdc_transport.c **** static int8_t CDC_Receive_FS(uint8_t* Buf, uint32_t *Len)
  77:micro_ros_stm32cubemx_utils/extra_sources/microros_transports/usb_cdc_transport.c **** {
 132              		.loc 1 77 1 view -0
 133              		.cfi_startproc
 134              		@ args = 0, pretend = 0, frame = 0
 135              		@ frame_needed = 0, uses_anonymous_args = 0
 136              		.loc 1 77 1 is_stmt 0 view .LVU23
 137 0000 F8B5     		push	{r3, r4, r5, r6, r7, lr}
 138              	.LCFI0:
 139              		.cfi_def_cfa_offset 24
 140              		.cfi_offset 3, -24
 141              		.cfi_offset 4, -20
 142              		.cfi_offset 5, -16
 143              		.cfi_offset 6, -12
 144              		.cfi_offset 7, -8
 145              		.cfi_offset 14, -4
 146 0002 0446     		mov	r4, r0
 147 0004 0D46     		mov	r5, r1
  78:micro_ros_stm32cubemx_utils/extra_sources/microros_transports/usb_cdc_transport.c **** 	USBD_CDC_SetRxBuffer(&hUsbDeviceFS, &Buf[0]);
ARM GAS  /tmp/ccs27hLP.s 			page 5


 148              		.loc 1 78 2 is_stmt 1 view .LVU24
 149 0006 0146     		mov	r1, r0
 150              	.LVL12:
 151              		.loc 1 78 2 is_stmt 0 view .LVU25
 152 0008 1648     		ldr	r0, .L14
 153              	.LVL13:
 154              		.loc 1 78 2 view .LVU26
 155 000a FFF7FEFF 		bl	USBD_CDC_SetRxBuffer
 156              	.LVL14:
  79:micro_ros_stm32cubemx_utils/extra_sources/microros_transports/usb_cdc_transport.c **** 
  80:micro_ros_stm32cubemx_utils/extra_sources/microros_transports/usb_cdc_transport.c ****     // Circular buffer
  81:micro_ros_stm32cubemx_utils/extra_sources/microros_transports/usb_cdc_transport.c ****     if ((it_tail + *Len) > USB_BUFFER_SIZE)
 157              		.loc 1 81 5 is_stmt 1 view .LVU27
 158              		.loc 1 81 20 is_stmt 0 view .LVU28
 159 000e 2A68     		ldr	r2, [r5]
 160              		.loc 1 81 18 view .LVU29
 161 0010 154B     		ldr	r3, .L14+4
 162 0012 1B68     		ldr	r3, [r3]
 163 0014 1344     		add	r3, r3, r2
 164              		.loc 1 81 8 view .LVU30
 165 0016 B3F5006F 		cmp	r3, #2048
 166 001a 17D9     		bls	.L11
 167              	.LBB2:
  82:micro_ros_stm32cubemx_utils/extra_sources/microros_transports/usb_cdc_transport.c **** 	{
  83:micro_ros_stm32cubemx_utils/extra_sources/microros_transports/usb_cdc_transport.c ****         size_t first_section = USB_BUFFER_SIZE - it_tail;
 168              		.loc 1 83 9 is_stmt 1 view .LVU31
 169              		.loc 1 83 48 is_stmt 0 view .LVU32
 170 001c 124E     		ldr	r6, .L14+4
 171 001e 3368     		ldr	r3, [r6]
 172              	.LVL15:
  84:micro_ros_stm32cubemx_utils/extra_sources/microros_transports/usb_cdc_transport.c ****         size_t second_section = *Len - first_section;
 173              		.loc 1 84 9 is_stmt 1 view .LVU33
 174              		.loc 1 84 16 is_stmt 0 view .LVU34
 175 0020 A3F50065 		sub	r5, r3, #2048
 176              	.LVL16:
 177              		.loc 1 84 16 view .LVU35
 178 0024 1544     		add	r5, r5, r2
 179              	.LVL17:
  85:micro_ros_stm32cubemx_utils/extra_sources/microros_transports/usb_cdc_transport.c **** 
  86:micro_ros_stm32cubemx_utils/extra_sources/microros_transports/usb_cdc_transport.c **** 		memcpy((void*) &storage_buffer[it_tail] , Buf, first_section);
 180              		.loc 1 86 3 is_stmt 1 view .LVU36
 181              		.loc 1 86 33 is_stmt 0 view .LVU37
 182 0026 3068     		ldr	r0, [r6]
 183              		.loc 1 86 18 view .LVU38
 184 0028 104F     		ldr	r7, .L14+8
 185              		.loc 1 86 3 view .LVU39
 186 002a C3F50062 		rsb	r2, r3, #2048
 187              	.LVL18:
 188              		.loc 1 86 3 view .LVU40
 189 002e 2146     		mov	r1, r4
 190 0030 3844     		add	r0, r0, r7
 191 0032 FFF7FEFF 		bl	memcpy
 192              	.LVL19:
  87:micro_ros_stm32cubemx_utils/extra_sources/microros_transports/usb_cdc_transport.c **** 		memcpy((void*) &storage_buffer[0] , Buf, second_section);
 193              		.loc 1 87 3 is_stmt 1 view .LVU41
 194 0036 2A46     		mov	r2, r5
 195 0038 2146     		mov	r1, r4
ARM GAS  /tmp/ccs27hLP.s 			page 6


 196 003a 3846     		mov	r0, r7
 197 003c FFF7FEFF 		bl	memcpy
 198              	.LVL20:
  88:micro_ros_stm32cubemx_utils/extra_sources/microros_transports/usb_cdc_transport.c ****         it_tail = second_section;
 199              		.loc 1 88 9 view .LVU42
 200              		.loc 1 88 17 is_stmt 0 view .LVU43
 201 0040 3560     		str	r5, [r6]
 202              	.LVL21:
 203              	.L12:
 204              		.loc 1 88 17 view .LVU44
 205              	.LBE2:
  89:micro_ros_stm32cubemx_utils/extra_sources/microros_transports/usb_cdc_transport.c **** 	}
  90:micro_ros_stm32cubemx_utils/extra_sources/microros_transports/usb_cdc_transport.c ****     else
  91:micro_ros_stm32cubemx_utils/extra_sources/microros_transports/usb_cdc_transport.c ****     {
  92:micro_ros_stm32cubemx_utils/extra_sources/microros_transports/usb_cdc_transport.c **** 		memcpy((void*) &storage_buffer[it_tail] , Buf, *Len);
  93:micro_ros_stm32cubemx_utils/extra_sources/microros_transports/usb_cdc_transport.c **** 		it_tail += *Len;
  94:micro_ros_stm32cubemx_utils/extra_sources/microros_transports/usb_cdc_transport.c ****     }
  95:micro_ros_stm32cubemx_utils/extra_sources/microros_transports/usb_cdc_transport.c **** 
  96:micro_ros_stm32cubemx_utils/extra_sources/microros_transports/usb_cdc_transport.c **** 	USBD_CDC_ReceivePacket(&hUsbDeviceFS);
 206              		.loc 1 96 2 is_stmt 1 view .LVU45
 207 0042 0848     		ldr	r0, .L14
 208 0044 FFF7FEFF 		bl	USBD_CDC_ReceivePacket
 209              	.LVL22:
  97:micro_ros_stm32cubemx_utils/extra_sources/microros_transports/usb_cdc_transport.c **** 
  98:micro_ros_stm32cubemx_utils/extra_sources/microros_transports/usb_cdc_transport.c **** 	return (USBD_OK);
 210              		.loc 1 98 2 view .LVU46
  99:micro_ros_stm32cubemx_utils/extra_sources/microros_transports/usb_cdc_transport.c **** }
 211              		.loc 1 99 1 is_stmt 0 view .LVU47
 212 0048 0020     		movs	r0, #0
 213 004a F8BD     		pop	{r3, r4, r5, r6, r7, pc}
 214              	.LVL23:
 215              	.L11:
  92:micro_ros_stm32cubemx_utils/extra_sources/microros_transports/usb_cdc_transport.c **** 		it_tail += *Len;
 216              		.loc 1 92 3 is_stmt 1 view .LVU48
  92:micro_ros_stm32cubemx_utils/extra_sources/microros_transports/usb_cdc_transport.c **** 		it_tail += *Len;
 217              		.loc 1 92 33 is_stmt 0 view .LVU49
 218 004c 064E     		ldr	r6, .L14+4
 219 004e 3368     		ldr	r3, [r6]
  92:micro_ros_stm32cubemx_utils/extra_sources/microros_transports/usb_cdc_transport.c **** 		it_tail += *Len;
 220              		.loc 1 92 3 view .LVU50
 221 0050 2146     		mov	r1, r4
 222 0052 0648     		ldr	r0, .L14+8
 223 0054 1844     		add	r0, r0, r3
 224 0056 FFF7FEFF 		bl	memcpy
 225              	.LVL24:
  93:micro_ros_stm32cubemx_utils/extra_sources/microros_transports/usb_cdc_transport.c ****     }
 226              		.loc 1 93 3 is_stmt 1 view .LVU51
  93:micro_ros_stm32cubemx_utils/extra_sources/microros_transports/usb_cdc_transport.c ****     }
 227              		.loc 1 93 14 is_stmt 0 view .LVU52
 228 005a 2B68     		ldr	r3, [r5]
  93:micro_ros_stm32cubemx_utils/extra_sources/microros_transports/usb_cdc_transport.c ****     }
 229              		.loc 1 93 11 view .LVU53
 230 005c 3268     		ldr	r2, [r6]
 231 005e 1344     		add	r3, r3, r2
 232 0060 3360     		str	r3, [r6]
 233 0062 EEE7     		b	.L12
 234              	.L15:
ARM GAS  /tmp/ccs27hLP.s 			page 7


 235              		.align	2
 236              	.L14:
 237 0064 00000000 		.word	hUsbDeviceFS
 238 0068 00000000 		.word	.LANCHOR2
 239 006c 00000000 		.word	.LANCHOR3
 240              		.cfi_endproc
 241              	.LFE145:
 243              		.section	.text.cubemx_transport_open,"ax",%progbits
 244              		.align	1
 245              		.global	cubemx_transport_open
 246              		.syntax unified
 247              		.thumb
 248              		.thumb_func
 249              		.fpu fpv4-sp-d16
 251              	cubemx_transport_open:
 252              	.LVL25:
 253              	.LFB146:
 100:micro_ros_stm32cubemx_utils/extra_sources/microros_transports/usb_cdc_transport.c **** 
 101:micro_ros_stm32cubemx_utils/extra_sources/microros_transports/usb_cdc_transport.c **** bool cubemx_transport_open(struct uxrCustomTransport * transport){
 254              		.loc 1 101 66 is_stmt 1 view -0
 255              		.cfi_startproc
 256              		@ args = 0, pretend = 0, frame = 0
 257              		@ frame_needed = 0, uses_anonymous_args = 0
 258              		@ link register save eliminated.
 102:micro_ros_stm32cubemx_utils/extra_sources/microros_transports/usb_cdc_transport.c **** 
 103:micro_ros_stm32cubemx_utils/extra_sources/microros_transports/usb_cdc_transport.c ****     if (!initialized)
 259              		.loc 1 103 5 view .LVU55
 260              		.loc 1 103 9 is_stmt 0 view .LVU56
 261 0000 074B     		ldr	r3, .L18
 262 0002 1B78     		ldrb	r3, [r3]	@ zero_extendqisi2
 263              		.loc 1 103 8 view .LVU57
 264 0004 4BB9     		cbnz	r3, .L17
 104:micro_ros_stm32cubemx_utils/extra_sources/microros_transports/usb_cdc_transport.c ****     {
 105:micro_ros_stm32cubemx_utils/extra_sources/microros_transports/usb_cdc_transport.c ****         // USB is initialized on generated main code: Replace default callbacks here
 106:micro_ros_stm32cubemx_utils/extra_sources/microros_transports/usb_cdc_transport.c ****         USBD_Interface_fops_FS.Control = CDC_Control_FS;
 265              		.loc 1 106 9 is_stmt 1 view .LVU58
 266              		.loc 1 106 40 is_stmt 0 view .LVU59
 267 0006 074B     		ldr	r3, .L18+4
 268 0008 074A     		ldr	r2, .L18+8
 269 000a 9A60     		str	r2, [r3, #8]
 107:micro_ros_stm32cubemx_utils/extra_sources/microros_transports/usb_cdc_transport.c ****         USBD_Interface_fops_FS.Receive = CDC_Receive_FS;
 270              		.loc 1 107 9 is_stmt 1 view .LVU60
 271              		.loc 1 107 40 is_stmt 0 view .LVU61
 272 000c 074A     		ldr	r2, .L18+12
 273 000e DA60     		str	r2, [r3, #12]
 108:micro_ros_stm32cubemx_utils/extra_sources/microros_transports/usb_cdc_transport.c ****         USBD_Interface_fops_FS.TransmitCplt = CDC_TransmitCplt_FS;
 274              		.loc 1 108 9 is_stmt 1 view .LVU62
 275              		.loc 1 108 45 is_stmt 0 view .LVU63
 276 0010 074A     		ldr	r2, .L18+16
 277 0012 1A61     		str	r2, [r3, #16]
 109:micro_ros_stm32cubemx_utils/extra_sources/microros_transports/usb_cdc_transport.c ****         initialized = true;
 278              		.loc 1 109 9 is_stmt 1 view .LVU64
 279              		.loc 1 109 21 is_stmt 0 view .LVU65
 280 0014 024B     		ldr	r3, .L18
 281 0016 0122     		movs	r2, #1
 282 0018 1A70     		strb	r2, [r3]
 283              	.L17:
ARM GAS  /tmp/ccs27hLP.s 			page 8


 110:micro_ros_stm32cubemx_utils/extra_sources/microros_transports/usb_cdc_transport.c ****     }
 111:micro_ros_stm32cubemx_utils/extra_sources/microros_transports/usb_cdc_transport.c **** 
 112:micro_ros_stm32cubemx_utils/extra_sources/microros_transports/usb_cdc_transport.c ****     return true;
 284              		.loc 1 112 5 is_stmt 1 view .LVU66
 113:micro_ros_stm32cubemx_utils/extra_sources/microros_transports/usb_cdc_transport.c **** }
 285              		.loc 1 113 1 is_stmt 0 view .LVU67
 286 001a 0120     		movs	r0, #1
 287              	.LVL26:
 288              		.loc 1 113 1 view .LVU68
 289 001c 7047     		bx	lr
 290              	.L19:
 291 001e 00BF     		.align	2
 292              	.L18:
 293 0020 00000000 		.word	.LANCHOR4
 294 0024 00000000 		.word	USBD_Interface_fops_FS
 295 0028 00000000 		.word	CDC_Control_FS
 296 002c 00000000 		.word	CDC_Receive_FS
 297 0030 00000000 		.word	CDC_TransmitCplt_FS
 298              		.cfi_endproc
 299              	.LFE146:
 301              		.section	.text.cubemx_transport_close,"ax",%progbits
 302              		.align	1
 303              		.global	cubemx_transport_close
 304              		.syntax unified
 305              		.thumb
 306              		.thumb_func
 307              		.fpu fpv4-sp-d16
 309              	cubemx_transport_close:
 310              	.LVL27:
 311              	.LFB147:
 114:micro_ros_stm32cubemx_utils/extra_sources/microros_transports/usb_cdc_transport.c **** 
 115:micro_ros_stm32cubemx_utils/extra_sources/microros_transports/usb_cdc_transport.c **** bool cubemx_transport_close(struct uxrCustomTransport * transport){
 312              		.loc 1 115 67 is_stmt 1 view -0
 313              		.cfi_startproc
 314              		@ args = 0, pretend = 0, frame = 0
 315              		@ frame_needed = 0, uses_anonymous_args = 0
 316              		@ link register save eliminated.
 116:micro_ros_stm32cubemx_utils/extra_sources/microros_transports/usb_cdc_transport.c ****     return true;
 317              		.loc 1 116 5 view .LVU70
 117:micro_ros_stm32cubemx_utils/extra_sources/microros_transports/usb_cdc_transport.c **** }
 318              		.loc 1 117 1 is_stmt 0 view .LVU71
 319 0000 0120     		movs	r0, #1
 320              	.LVL28:
 321              		.loc 1 117 1 view .LVU72
 322 0002 7047     		bx	lr
 323              		.cfi_endproc
 324              	.LFE147:
 326              		.section	.text.cubemx_transport_write,"ax",%progbits
 327              		.align	1
 328              		.global	cubemx_transport_write
 329              		.syntax unified
 330              		.thumb
 331              		.thumb_func
 332              		.fpu fpv4-sp-d16
 334              	cubemx_transport_write:
 335              	.LVL29:
 336              	.LFB148:
ARM GAS  /tmp/ccs27hLP.s 			page 9


 118:micro_ros_stm32cubemx_utils/extra_sources/microros_transports/usb_cdc_transport.c **** 
 119:micro_ros_stm32cubemx_utils/extra_sources/microros_transports/usb_cdc_transport.c **** size_t cubemx_transport_write(struct uxrCustomTransport* transport, uint8_t * buf, size_t len, uint
 337              		.loc 1 119 110 is_stmt 1 view -0
 338              		.cfi_startproc
 339              		@ args = 0, pretend = 0, frame = 0
 340              		@ frame_needed = 0, uses_anonymous_args = 0
 341              		.loc 1 119 110 is_stmt 0 view .LVU74
 342 0000 70B5     		push	{r4, r5, r6, lr}
 343              	.LCFI1:
 344              		.cfi_def_cfa_offset 16
 345              		.cfi_offset 4, -16
 346              		.cfi_offset 5, -12
 347              		.cfi_offset 6, -8
 348              		.cfi_offset 14, -4
 349 0002 0846     		mov	r0, r1
 350              	.LVL30:
 351              		.loc 1 119 110 view .LVU75
 352 0004 1546     		mov	r5, r2
 120:micro_ros_stm32cubemx_utils/extra_sources/microros_transports/usb_cdc_transport.c **** 	uint8_t ret = CDC_Transmit_FS(buf, len);
 353              		.loc 1 120 2 is_stmt 1 view .LVU76
 354              		.loc 1 120 16 is_stmt 0 view .LVU77
 355 0006 91B2     		uxth	r1, r2
 356              	.LVL31:
 357              		.loc 1 120 16 view .LVU78
 358 0008 FFF7FEFF 		bl	CDC_Transmit_FS
 359              	.LVL32:
 121:micro_ros_stm32cubemx_utils/extra_sources/microros_transports/usb_cdc_transport.c **** 
 122:micro_ros_stm32cubemx_utils/extra_sources/microros_transports/usb_cdc_transport.c **** 	if (USBD_OK != ret)
 360              		.loc 1 122 2 is_stmt 1 view .LVU79
 361              		.loc 1 122 5 is_stmt 0 view .LVU80
 362 000c 08B1     		cbz	r0, .L30
 123:micro_ros_stm32cubemx_utils/extra_sources/microros_transports/usb_cdc_transport.c **** 	{
 124:micro_ros_stm32cubemx_utils/extra_sources/microros_transports/usb_cdc_transport.c **** 		return 0;
 363              		.loc 1 124 10 view .LVU81
 364 000e 0020     		movs	r0, #0
 365              	.LVL33:
 366              	.L21:
 125:micro_ros_stm32cubemx_utils/extra_sources/microros_transports/usb_cdc_transport.c **** 	}
 126:micro_ros_stm32cubemx_utils/extra_sources/microros_transports/usb_cdc_transport.c **** 
 127:micro_ros_stm32cubemx_utils/extra_sources/microros_transports/usb_cdc_transport.c ****     int64_t start = uxr_millis();
 128:micro_ros_stm32cubemx_utils/extra_sources/microros_transports/usb_cdc_transport.c ****     while(!g_write_complete && (uxr_millis() -  start) < WRITE_TIMEOUT_MS)
 129:micro_ros_stm32cubemx_utils/extra_sources/microros_transports/usb_cdc_transport.c ****     {
 130:micro_ros_stm32cubemx_utils/extra_sources/microros_transports/usb_cdc_transport.c ****     	vTaskDelay( 1 / portTICK_PERIOD_MS);
 131:micro_ros_stm32cubemx_utils/extra_sources/microros_transports/usb_cdc_transport.c ****     }
 132:micro_ros_stm32cubemx_utils/extra_sources/microros_transports/usb_cdc_transport.c **** 
 133:micro_ros_stm32cubemx_utils/extra_sources/microros_transports/usb_cdc_transport.c ****     size_t writed = g_write_complete ? len : 0;
 134:micro_ros_stm32cubemx_utils/extra_sources/microros_transports/usb_cdc_transport.c ****     g_write_complete = false;
 135:micro_ros_stm32cubemx_utils/extra_sources/microros_transports/usb_cdc_transport.c **** 
 136:micro_ros_stm32cubemx_utils/extra_sources/microros_transports/usb_cdc_transport.c **** 	return writed;
 137:micro_ros_stm32cubemx_utils/extra_sources/microros_transports/usb_cdc_transport.c **** }
 367              		.loc 1 137 1 view .LVU82
 368 0010 70BD     		pop	{r4, r5, r6, pc}
 369              	.LVL34:
 370              	.L30:
 127:micro_ros_stm32cubemx_utils/extra_sources/microros_transports/usb_cdc_transport.c ****     while(!g_write_complete && (uxr_millis() -  start) < WRITE_TIMEOUT_MS)
 371              		.loc 1 127 5 is_stmt 1 view .LVU83
 127:micro_ros_stm32cubemx_utils/extra_sources/microros_transports/usb_cdc_transport.c ****     while(!g_write_complete && (uxr_millis() -  start) < WRITE_TIMEOUT_MS)
ARM GAS  /tmp/ccs27hLP.s 			page 10


 372              		.loc 1 127 21 is_stmt 0 view .LVU84
 373 0012 FFF7FEFF 		bl	uxr_millis
 374              	.LVL35:
 127:micro_ros_stm32cubemx_utils/extra_sources/microros_transports/usb_cdc_transport.c ****     while(!g_write_complete && (uxr_millis() -  start) < WRITE_TIMEOUT_MS)
 375              		.loc 1 127 21 view .LVU85
 376 0016 0446     		mov	r4, r0
 377 0018 0E46     		mov	r6, r1
 378              	.LVL36:
 128:micro_ros_stm32cubemx_utils/extra_sources/microros_transports/usb_cdc_transport.c ****     {
 379              		.loc 1 128 5 is_stmt 1 view .LVU86
 128:micro_ros_stm32cubemx_utils/extra_sources/microros_transports/usb_cdc_transport.c ****     {
 380              		.loc 1 128 10 is_stmt 0 view .LVU87
 381 001a 02E0     		b	.L23
 382              	.LVL37:
 383              	.L25:
 130:micro_ros_stm32cubemx_utils/extra_sources/microros_transports/usb_cdc_transport.c ****     }
 384              		.loc 1 130 6 is_stmt 1 view .LVU88
 385 001c 0120     		movs	r0, #1
 386 001e FFF7FEFF 		bl	vTaskDelay
 387              	.LVL38:
 388              	.L23:
 128:micro_ros_stm32cubemx_utils/extra_sources/microros_transports/usb_cdc_transport.c ****     {
 389              		.loc 1 128 10 view .LVU89
 128:micro_ros_stm32cubemx_utils/extra_sources/microros_transports/usb_cdc_transport.c ****     {
 390              		.loc 1 128 11 is_stmt 0 view .LVU90
 391 0022 0B4B     		ldr	r3, .L31
 392 0024 1B78     		ldrb	r3, [r3]	@ zero_extendqisi2
 128:micro_ros_stm32cubemx_utils/extra_sources/microros_transports/usb_cdc_transport.c ****     {
 393              		.loc 1 128 10 view .LVU91
 394 0026 43B9     		cbnz	r3, .L24
 128:micro_ros_stm32cubemx_utils/extra_sources/microros_transports/usb_cdc_transport.c ****     {
 395              		.loc 1 128 33 discriminator 1 view .LVU92
 396 0028 FFF7FEFF 		bl	uxr_millis
 397              	.LVL39:
 128:micro_ros_stm32cubemx_utils/extra_sources/microros_transports/usb_cdc_transport.c ****     {
 398              		.loc 1 128 46 discriminator 1 view .LVU93
 399 002c 001B     		subs	r0, r0, r4
 400 002e 61EB0601 		sbc	r1, r1, r6
 128:micro_ros_stm32cubemx_utils/extra_sources/microros_transports/usb_cdc_transport.c ****     {
 401              		.loc 1 128 29 discriminator 1 view .LVU94
 402 0032 6428     		cmp	r0, #100
 403 0034 71F10003 		sbcs	r3, r1, #0
 404 0038 F0DB     		blt	.L25
 405              	.L24:
 133:micro_ros_stm32cubemx_utils/extra_sources/microros_transports/usb_cdc_transport.c ****     g_write_complete = false;
 406              		.loc 1 133 5 is_stmt 1 view .LVU95
 133:micro_ros_stm32cubemx_utils/extra_sources/microros_transports/usb_cdc_transport.c ****     g_write_complete = false;
 407              		.loc 1 133 38 is_stmt 0 view .LVU96
 408 003a 054B     		ldr	r3, .L31
 409 003c 1B78     		ldrb	r3, [r3]	@ zero_extendqisi2
 133:micro_ros_stm32cubemx_utils/extra_sources/microros_transports/usb_cdc_transport.c ****     g_write_complete = false;
 410              		.loc 1 133 44 view .LVU97
 411 003e 23B1     		cbz	r3, .L28
 412 0040 2846     		mov	r0, r5
 413              	.L26:
 414              	.LVL40:
 134:micro_ros_stm32cubemx_utils/extra_sources/microros_transports/usb_cdc_transport.c **** 
ARM GAS  /tmp/ccs27hLP.s 			page 11


 415              		.loc 1 134 5 is_stmt 1 discriminator 4 view .LVU98
 134:micro_ros_stm32cubemx_utils/extra_sources/microros_transports/usb_cdc_transport.c **** 
 416              		.loc 1 134 22 is_stmt 0 discriminator 4 view .LVU99
 417 0042 034B     		ldr	r3, .L31
 418 0044 0022     		movs	r2, #0
 419 0046 1A70     		strb	r2, [r3]
 136:micro_ros_stm32cubemx_utils/extra_sources/microros_transports/usb_cdc_transport.c **** }
 420              		.loc 1 136 2 is_stmt 1 discriminator 4 view .LVU100
 136:micro_ros_stm32cubemx_utils/extra_sources/microros_transports/usb_cdc_transport.c **** }
 421              		.loc 1 136 9 is_stmt 0 discriminator 4 view .LVU101
 422 0048 E2E7     		b	.L21
 423              	.LVL41:
 424              	.L28:
 133:micro_ros_stm32cubemx_utils/extra_sources/microros_transports/usb_cdc_transport.c ****     g_write_complete = false;
 425              		.loc 1 133 44 view .LVU102
 426 004a 0020     		movs	r0, #0
 427 004c F9E7     		b	.L26
 428              	.L32:
 429 004e 00BF     		.align	2
 430              	.L31:
 431 0050 00000000 		.word	.LANCHOR0
 432              		.cfi_endproc
 433              	.LFE148:
 435              		.section	.text.cubemx_transport_read,"ax",%progbits
 436              		.align	1
 437              		.global	cubemx_transport_read
 438              		.syntax unified
 439              		.thumb
 440              		.thumb_func
 441              		.fpu fpv4-sp-d16
 443              	cubemx_transport_read:
 444              	.LVL42:
 445              	.LFB149:
 138:micro_ros_stm32cubemx_utils/extra_sources/microros_transports/usb_cdc_transport.c **** 
 139:micro_ros_stm32cubemx_utils/extra_sources/microros_transports/usb_cdc_transport.c **** size_t cubemx_transport_read(struct uxrCustomTransport* transport, uint8_t* buf, size_t len, int ti
 446              		.loc 1 139 120 is_stmt 1 view -0
 447              		.cfi_startproc
 448              		@ args = 4, pretend = 0, frame = 0
 449              		@ frame_needed = 0, uses_anonymous_args = 0
 450              		.loc 1 139 120 is_stmt 0 view .LVU104
 451 0000 2DE9F041 		push	{r4, r5, r6, r7, r8, lr}
 452              	.LCFI2:
 453              		.cfi_def_cfa_offset 24
 454              		.cfi_offset 4, -24
 455              		.cfi_offset 5, -20
 456              		.cfi_offset 6, -16
 457              		.cfi_offset 7, -12
 458              		.cfi_offset 8, -8
 459              		.cfi_offset 14, -4
 460 0004 8846     		mov	r8, r1
 461 0006 1746     		mov	r7, r2
 462 0008 1D46     		mov	r5, r3
 140:micro_ros_stm32cubemx_utils/extra_sources/microros_transports/usb_cdc_transport.c **** 
 141:micro_ros_stm32cubemx_utils/extra_sources/microros_transports/usb_cdc_transport.c ****     int64_t start = uxr_millis();
 463              		.loc 1 141 5 is_stmt 1 view .LVU105
 464              		.loc 1 141 21 is_stmt 0 view .LVU106
 465 000a FFF7FEFF 		bl	uxr_millis
ARM GAS  /tmp/ccs27hLP.s 			page 12


 466              	.LVL43:
 467              		.loc 1 141 21 view .LVU107
 468 000e 0446     		mov	r4, r0
 469 0010 0E46     		mov	r6, r1
 470              	.LVL44:
 142:micro_ros_stm32cubemx_utils/extra_sources/microros_transports/usb_cdc_transport.c ****     size_t readed = 0;
 471              		.loc 1 142 5 is_stmt 1 view .LVU108
 472              	.L38:
 143:micro_ros_stm32cubemx_utils/extra_sources/microros_transports/usb_cdc_transport.c **** 
 144:micro_ros_stm32cubemx_utils/extra_sources/microros_transports/usb_cdc_transport.c ****     do
 473              		.loc 1 144 5 view .LVU109
 145:micro_ros_stm32cubemx_utils/extra_sources/microros_transports/usb_cdc_transport.c ****     {
 146:micro_ros_stm32cubemx_utils/extra_sources/microros_transports/usb_cdc_transport.c ****         if (it_head != it_tail)
 474              		.loc 1 146 9 view .LVU110
 475              		.loc 1 146 21 is_stmt 0 view .LVU111
 476 0012 164B     		ldr	r3, .L43
 477 0014 1A68     		ldr	r2, [r3]
 478 0016 164B     		ldr	r3, .L43+4
 479 0018 1B68     		ldr	r3, [r3]
 480              		.loc 1 146 12 view .LVU112
 481 001a 9A42     		cmp	r2, r3
 482 001c 10D1     		bne	.L42
 147:micro_ros_stm32cubemx_utils/extra_sources/microros_transports/usb_cdc_transport.c ****         {
 148:micro_ros_stm32cubemx_utils/extra_sources/microros_transports/usb_cdc_transport.c ****             while ((it_head != it_tail) && (readed < len)){
 149:micro_ros_stm32cubemx_utils/extra_sources/microros_transports/usb_cdc_transport.c ****                 buf[readed] = storage_buffer[it_head];
 150:micro_ros_stm32cubemx_utils/extra_sources/microros_transports/usb_cdc_transport.c ****                 it_head = (it_head + 1) % USB_BUFFER_SIZE;
 151:micro_ros_stm32cubemx_utils/extra_sources/microros_transports/usb_cdc_transport.c ****                 readed++;
 152:micro_ros_stm32cubemx_utils/extra_sources/microros_transports/usb_cdc_transport.c ****             }
 153:micro_ros_stm32cubemx_utils/extra_sources/microros_transports/usb_cdc_transport.c **** 
 154:micro_ros_stm32cubemx_utils/extra_sources/microros_transports/usb_cdc_transport.c ****             break;
 155:micro_ros_stm32cubemx_utils/extra_sources/microros_transports/usb_cdc_transport.c ****         }
 156:micro_ros_stm32cubemx_utils/extra_sources/microros_transports/usb_cdc_transport.c **** 
 157:micro_ros_stm32cubemx_utils/extra_sources/microros_transports/usb_cdc_transport.c ****        vTaskDelay( 1 / portTICK_PERIOD_MS );
 483              		.loc 1 157 8 is_stmt 1 view .LVU113
 484 001e 0120     		movs	r0, #1
 485 0020 FFF7FEFF 		bl	vTaskDelay
 486              	.LVL45:
 158:micro_ros_stm32cubemx_utils/extra_sources/microros_transports/usb_cdc_transport.c ****     } while ((uxr_millis() -  start) < timeout);
 487              		.loc 1 158 13 view .LVU114
 488              		.loc 1 158 15 is_stmt 0 view .LVU115
 489 0024 FFF7FEFF 		bl	uxr_millis
 490              	.LVL46:
 491              		.loc 1 158 28 view .LVU116
 492 0028 001B     		subs	r0, r0, r4
 493 002a 61EB0601 		sbc	r1, r1, r6
 494              		.loc 1 158 38 view .LVU117
 495 002e 4FEAE57C 		asr	ip, r5, #31
 496              		.loc 1 158 5 view .LVU118
 497 0032 A842     		cmp	r0, r5
 498 0034 71EB0C03 		sbcs	r3, r1, ip
 499 0038 EBDB     		blt	.L38
 142:micro_ros_stm32cubemx_utils/extra_sources/microros_transports/usb_cdc_transport.c **** 
 500              		.loc 1 142 12 view .LVU119
 501 003a 0020     		movs	r0, #0
 159:micro_ros_stm32cubemx_utils/extra_sources/microros_transports/usb_cdc_transport.c **** 
 160:micro_ros_stm32cubemx_utils/extra_sources/microros_transports/usb_cdc_transport.c ****     return readed;
 502              		.loc 1 160 5 is_stmt 1 view .LVU120
ARM GAS  /tmp/ccs27hLP.s 			page 13


 503              	.LVL47:
 504              	.L33:
 161:micro_ros_stm32cubemx_utils/extra_sources/microros_transports/usb_cdc_transport.c **** }
 505              		.loc 1 161 1 is_stmt 0 view .LVU121
 506 003c BDE8F081 		pop	{r4, r5, r6, r7, r8, pc}
 507              	.LVL48:
 508              	.L42:
 142:micro_ros_stm32cubemx_utils/extra_sources/microros_transports/usb_cdc_transport.c **** 
 509              		.loc 1 142 12 view .LVU122
 510 0040 0020     		movs	r0, #0
 511              	.LVL49:
 512              	.L34:
 148:micro_ros_stm32cubemx_utils/extra_sources/microros_transports/usb_cdc_transport.c ****                 buf[readed] = storage_buffer[it_head];
 513              		.loc 1 148 19 is_stmt 1 view .LVU123
 148:micro_ros_stm32cubemx_utils/extra_sources/microros_transports/usb_cdc_transport.c ****                 buf[readed] = storage_buffer[it_head];
 514              		.loc 1 148 29 is_stmt 0 view .LVU124
 515 0042 0A4B     		ldr	r3, .L43
 516 0044 1A68     		ldr	r2, [r3]
 517 0046 0A4B     		ldr	r3, .L43+4
 518 0048 1B68     		ldr	r3, [r3]
 148:micro_ros_stm32cubemx_utils/extra_sources/microros_transports/usb_cdc_transport.c ****                 buf[readed] = storage_buffer[it_head];
 519              		.loc 1 148 19 view .LVU125
 520 004a 9A42     		cmp	r2, r3
 521 004c F6D0     		beq	.L33
 148:micro_ros_stm32cubemx_utils/extra_sources/microros_transports/usb_cdc_transport.c ****                 buf[readed] = storage_buffer[it_head];
 522              		.loc 1 148 41 discriminator 1 view .LVU126
 523 004e B842     		cmp	r0, r7
 524 0050 F4D2     		bcs	.L33
 149:micro_ros_stm32cubemx_utils/extra_sources/microros_transports/usb_cdc_transport.c ****                 it_head = (it_head + 1) % USB_BUFFER_SIZE;
 525              		.loc 1 149 17 is_stmt 1 view .LVU127
 149:micro_ros_stm32cubemx_utils/extra_sources/microros_transports/usb_cdc_transport.c ****                 it_head = (it_head + 1) % USB_BUFFER_SIZE;
 526              		.loc 1 149 45 is_stmt 0 view .LVU128
 527 0052 064A     		ldr	r2, .L43
 528 0054 1368     		ldr	r3, [r2]
 529 0056 0749     		ldr	r1, .L43+8
 530 0058 CB5C     		ldrb	r3, [r1, r3]	@ zero_extendqisi2
 149:micro_ros_stm32cubemx_utils/extra_sources/microros_transports/usb_cdc_transport.c ****                 it_head = (it_head + 1) % USB_BUFFER_SIZE;
 531              		.loc 1 149 29 view .LVU129
 532 005a 08F80030 		strb	r3, [r8, r0]
 150:micro_ros_stm32cubemx_utils/extra_sources/microros_transports/usb_cdc_transport.c ****                 readed++;
 533              		.loc 1 150 17 is_stmt 1 view .LVU130
 150:micro_ros_stm32cubemx_utils/extra_sources/microros_transports/usb_cdc_transport.c ****                 readed++;
 534              		.loc 1 150 36 is_stmt 0 view .LVU131
 535 005e 1368     		ldr	r3, [r2]
 536 0060 0133     		adds	r3, r3, #1
 150:micro_ros_stm32cubemx_utils/extra_sources/microros_transports/usb_cdc_transport.c ****                 readed++;
 537              		.loc 1 150 41 view .LVU132
 538 0062 C3F30A03 		ubfx	r3, r3, #0, #11
 150:micro_ros_stm32cubemx_utils/extra_sources/microros_transports/usb_cdc_transport.c ****                 readed++;
 539              		.loc 1 150 25 view .LVU133
 540 0066 1360     		str	r3, [r2]
 151:micro_ros_stm32cubemx_utils/extra_sources/microros_transports/usb_cdc_transport.c ****             }
 541              		.loc 1 151 17 is_stmt 1 view .LVU134
 151:micro_ros_stm32cubemx_utils/extra_sources/microros_transports/usb_cdc_transport.c ****             }
 542              		.loc 1 151 23 is_stmt 0 view .LVU135
 543 0068 0130     		adds	r0, r0, #1
 544              	.LVL50:
ARM GAS  /tmp/ccs27hLP.s 			page 14


 151:micro_ros_stm32cubemx_utils/extra_sources/microros_transports/usb_cdc_transport.c ****             }
 545              		.loc 1 151 23 view .LVU136
 546 006a EAE7     		b	.L34
 547              	.L44:
 548              		.align	2
 549              	.L43:
 550 006c 00000000 		.word	.LANCHOR5
 551 0070 00000000 		.word	.LANCHOR2
 552 0074 00000000 		.word	.LANCHOR3
 553              		.cfi_endproc
 554              	.LFE149:
 556              		.global	initialized
 557              		.global	g_write_complete
 558              		.global	it_tail
 559              		.global	it_head
 560              		.global	storage_buffer
 561              		.section	.bss.g_write_complete,"aw",%nobits
 562              		.set	.LANCHOR0,. + 0
 565              	g_write_complete:
 566 0000 00       		.space	1
 567              		.section	.bss.initialized,"aw",%nobits
 568              		.set	.LANCHOR4,. + 0
 571              	initialized:
 572 0000 00       		.space	1
 573              		.section	.bss.it_head,"aw",%nobits
 574              		.align	2
 575              		.set	.LANCHOR5,. + 0
 578              	it_head:
 579 0000 00000000 		.space	4
 580              		.section	.bss.it_tail,"aw",%nobits
 581              		.align	2
 582              		.set	.LANCHOR2,. + 0
 585              	it_tail:
 586 0000 00000000 		.space	4
 587              		.section	.bss.storage_buffer,"aw",%nobits
 588              		.align	2
 589              		.set	.LANCHOR3,. + 0
 592              	storage_buffer:
 593 0000 00000000 		.space	2048
 593      00000000 
 593      00000000 
 593      00000000 
 593      00000000 
 594              		.section	.data.line_coding,"aw"
 595              		.align	2
 596              		.set	.LANCHOR1,. + 0
 599              	line_coding:
 600 0000 00C20100 		.ascii	"\000\302\001\000\000\000\010"
 600      000008
 601              		.text
 602              	.Letext0:
 603              		.file 2 "/usr/lib/gcc/arm-none-eabi/10.3.1/include/stddef.h"
 604              		.file 3 "/usr/lib/gcc/arm-none-eabi/10.3.1/include/stdint.h"
 605              		.file 4 "micro_ros_stm32cubemx_utils/microros_static_library/libmicroros/microros_include/rmw/type
 606              		.file 5 "micro_ros_stm32cubemx_utils/microros_static_library/libmicroros/microros_include/rmw/time
 607              		.file 6 "micro_ros_stm32cubemx_utils/microros_static_library/libmicroros/microros_include/rmw/qos_
 608              		.file 7 "micro_ros_stm32cubemx_utils/microros_static_library/libmicroros/microros_include/uxr/clie
ARM GAS  /tmp/ccs27hLP.s 			page 15


 609              		.file 8 "micro_ros_stm32cubemx_utils/microros_static_library/libmicroros/microros_include/uxr/clie
 610              		.file 9 "micro_ros_stm32cubemx_utils/microros_static_library/libmicroros/microros_include/uxr/clie
 611              		.file 10 "Middlewares/Third_Party/FreeRTOS/Source/portable/GCC/ARM_CM4F/portmacro.h"
 612              		.file 11 "Middlewares/ST/STM32_USB_Device_Library/Core/Inc/usbd_def.h"
 613              		.file 12 "Middlewares/ST/STM32_USB_Device_Library/Class/CDC/Inc/usbd_cdc.h"
 614              		.file 13 "USB_DEVICE/App/usbd_cdc_if.h"
 615              		.file 14 "micro_ros_stm32cubemx_utils/microros_static_library/libmicroros/microros_include/uxr/cli
 616              		.file 15 "Middlewares/Third_Party/FreeRTOS/Source/include/task.h"
 617              		.file 16 "<built-in>"
ARM GAS  /tmp/ccs27hLP.s 			page 16


DEFINED SYMBOLS
                            *ABS*:0000000000000000 usb_cdc_transport.c
     /tmp/ccs27hLP.s:18     .text.CDC_TransmitCplt_FS:0000000000000000 $t
     /tmp/ccs27hLP.s:25     .text.CDC_TransmitCplt_FS:0000000000000000 CDC_TransmitCplt_FS
     /tmp/ccs27hLP.s:53     .text.CDC_TransmitCplt_FS:000000000000000c $d
     /tmp/ccs27hLP.s:58     .text.CDC_Control_FS:0000000000000000 $t
     /tmp/ccs27hLP.s:64     .text.CDC_Control_FS:0000000000000000 CDC_Control_FS
     /tmp/ccs27hLP.s:118    .text.CDC_Control_FS:000000000000002c $d
     /tmp/ccs27hLP.s:123    .text.CDC_Receive_FS:0000000000000000 $t
     /tmp/ccs27hLP.s:129    .text.CDC_Receive_FS:0000000000000000 CDC_Receive_FS
     /tmp/ccs27hLP.s:237    .text.CDC_Receive_FS:0000000000000064 $d
     /tmp/ccs27hLP.s:244    .text.cubemx_transport_open:0000000000000000 $t
     /tmp/ccs27hLP.s:251    .text.cubemx_transport_open:0000000000000000 cubemx_transport_open
     /tmp/ccs27hLP.s:293    .text.cubemx_transport_open:0000000000000020 $d
     /tmp/ccs27hLP.s:302    .text.cubemx_transport_close:0000000000000000 $t
     /tmp/ccs27hLP.s:309    .text.cubemx_transport_close:0000000000000000 cubemx_transport_close
     /tmp/ccs27hLP.s:327    .text.cubemx_transport_write:0000000000000000 $t
     /tmp/ccs27hLP.s:334    .text.cubemx_transport_write:0000000000000000 cubemx_transport_write
     /tmp/ccs27hLP.s:431    .text.cubemx_transport_write:0000000000000050 $d
     /tmp/ccs27hLP.s:436    .text.cubemx_transport_read:0000000000000000 $t
     /tmp/ccs27hLP.s:443    .text.cubemx_transport_read:0000000000000000 cubemx_transport_read
     /tmp/ccs27hLP.s:550    .text.cubemx_transport_read:000000000000006c $d
     /tmp/ccs27hLP.s:571    .bss.initialized:0000000000000000 initialized
     /tmp/ccs27hLP.s:565    .bss.g_write_complete:0000000000000000 g_write_complete
     /tmp/ccs27hLP.s:585    .bss.it_tail:0000000000000000 it_tail
     /tmp/ccs27hLP.s:578    .bss.it_head:0000000000000000 it_head
     /tmp/ccs27hLP.s:592    .bss.storage_buffer:0000000000000000 storage_buffer
     /tmp/ccs27hLP.s:566    .bss.g_write_complete:0000000000000000 $d
     /tmp/ccs27hLP.s:572    .bss.initialized:0000000000000000 $d
     /tmp/ccs27hLP.s:574    .bss.it_head:0000000000000000 $d
     /tmp/ccs27hLP.s:581    .bss.it_tail:0000000000000000 $d
     /tmp/ccs27hLP.s:588    .bss.storage_buffer:0000000000000000 $d
     /tmp/ccs27hLP.s:595    .data.line_coding:0000000000000000 $d
     /tmp/ccs27hLP.s:599    .data.line_coding:0000000000000000 line_coding

UNDEFINED SYMBOLS
USBD_CDC_SetRxBuffer
memcpy
USBD_CDC_ReceivePacket
hUsbDeviceFS
USBD_Interface_fops_FS
CDC_Transmit_FS
uxr_millis
vTaskDelay
